0: jdbc:luciddb:> 
0: jdbc:luciddb:> --
0: jdbc:luciddb:> -- functions, miscellaneous
0: jdbc:luciddb:> --
0: jdbc:luciddb:> 
0: jdbc:luciddb:> set schema 's';
0: jdbc:luciddb:> 
0: jdbc:luciddb:> select EMP.EMPNO, EMP.LNAME, DEPT.DNAME
. . . . . . . . > from EMP, DEPT
. . . . . . . . > where EMP.DEPTNO + 10 = DEPT.DEPTNO - 10
. . . . . . . . > order by EMPNO;
+--------+----------+--------------+
| EMPNO  |  LNAME   |    DNAME     |
+--------+----------+--------------+
| 100    | Bush     | Support      |
| 102    | Andrews  | Support      |
| 103    | Webber   | Sales        |
| 104    | Fratz    | Development  |
| 105    | Guy      | Support      |
| 110    | Jones    | Support      |
+--------+----------+--------------+
0: jdbc:luciddb:> 
0: jdbc:luciddb:> select EMP.EMPNO, EMP.LNAME, DEPT.DNAME
. . . . . . . . > from EMP, DEPT
. . . . . . . . > where substring(EMP.LNAME,2,1)=substring(DEPT.DNAME,2,1)
. . . . . . . . > order by EMPNO, DNAME;
+--------+-----------+--------------+
| EMPNO  |   LNAME   |    DNAME     |
+--------+-----------+--------------+
| 100    | Bush      | Support      |
| 103    | Webber    | Development  |
| 105    | Guy       | Support      |
| 108    | Reynolds  | Development  |
+--------+-----------+--------------+
0: jdbc:luciddb:> 
0: jdbc:luciddb:> -- one side functions only
0: jdbc:luciddb:> 
0: jdbc:luciddb:> select EMP.EMPNO, EMP.LNAME, DEPT.DNAME
. . . . . . . . > from EMP, DEPT
. . . . . . . . > where EMP.EMPNO * 2 / 5 > DEPT.DEPTNO
. . . . . . . . > order by EMPNO, DNAME;
+--------+-----------+--------------+
| EMPNO  |   LNAME   |    DNAME     |
+--------+-----------+--------------+
| 100    | Bush      | Accounting   |
| 100    | Bush      | Development  |
| 100    | Bush      | Marketing    |
| 101    | Brown     | Accounting   |
| 101    | Brown     | Development  |
| 101    | Brown     | Marketing    |
| 102    | Andrews   | Accounting   |
| 102    | Andrews   | Development  |
| 102    | Andrews   | Marketing    |
| 103    | Webber    | Accounting   |
| 103    | Webber    | Development  |
| 103    | Webber    | Marketing    |
| 103    | Webber    | Sales        |
| 104    | Fratz     | Accounting   |
| 104    | Fratz     | Development  |
| 104    | Fratz     | Marketing    |
| 104    | Fratz     | Sales        |
| 105    | Guy       | Accounting   |
| 105    | Guy       | Development  |
| 105    | Guy       | Marketing    |
| 105    | Guy       | Sales        |
| 106    | Roy       | Accounting   |
| 106    | Roy       | Development  |
| 106    | Roy       | Marketing    |
| 106    | Roy       | Sales        |
| 107    | Williams  | Accounting   |
| 107    | Williams  | Development  |
| 107    | Williams  | Marketing    |
| 107    | Williams  | Sales        |
| 108    | Reynolds  | Accounting   |
| 108    | Reynolds  | Development  |
| 108    | Reynolds  | Marketing    |
| 108    | Reynolds  | Sales        |
| 109    | Nife      | Accounting   |
| 109    | Nife      | Development  |
| 109    | Nife      | Marketing    |
| 109    | Nife      | Sales        |
| 110    | Jones     | Accounting   |
| 110    | Jones     | Development  |
| 110    | Jones     | Marketing    |
| 110    | Jones     | Sales        |
+--------+-----------+--------------+
0: jdbc:luciddb:> 
0: jdbc:luciddb:> -- full cartesian product
0: jdbc:luciddb:> select EMP.EMPNO, DEPT.DEPTNO, EMP.LNAME, DEPT.DNAME from EMP,DEPT
. . . . . . . . > order by EMPNO, DEPTNO;
+--------+---------+-----------+--------------+
| EMPNO  | DEPTNO  |   LNAME   |    DNAME     |
+--------+---------+-----------+--------------+
| 100    | 10      | Bush      | Accounting   |
| 100    | 20      | Bush      | Marketing    |
| 100    | 30      | Bush      | Development  |
| 100    | 40      | Bush      | Sales        |
| 100    | 50      | Bush      | Support      |
| 101    | 10      | Brown     | Accounting   |
| 101    | 20      | Brown     | Marketing    |
| 101    | 30      | Brown     | Development  |
| 101    | 40      | Brown     | Sales        |
| 101    | 50      | Brown     | Support      |
| 102    | 10      | Andrews   | Accounting   |
| 102    | 20      | Andrews   | Marketing    |
| 102    | 30      | Andrews   | Development  |
| 102    | 40      | Andrews   | Sales        |
| 102    | 50      | Andrews   | Support      |
| 103    | 10      | Webber    | Accounting   |
| 103    | 20      | Webber    | Marketing    |
| 103    | 30      | Webber    | Development  |
| 103    | 40      | Webber    | Sales        |
| 103    | 50      | Webber    | Support      |
| 104    | 10      | Fratz     | Accounting   |
| 104    | 20      | Fratz     | Marketing    |
| 104    | 30      | Fratz     | Development  |
| 104    | 40      | Fratz     | Sales        |
| 104    | 50      | Fratz     | Support      |
| 105    | 10      | Guy       | Accounting   |
| 105    | 20      | Guy       | Marketing    |
| 105    | 30      | Guy       | Development  |
| 105    | 40      | Guy       | Sales        |
| 105    | 50      | Guy       | Support      |
| 106    | 10      | Roy       | Accounting   |
| 106    | 20      | Roy       | Marketing    |
| 106    | 30      | Roy       | Development  |
| 106    | 40      | Roy       | Sales        |
| 106    | 50      | Roy       | Support      |
| 107    | 10      | Williams  | Accounting   |
| 107    | 20      | Williams  | Marketing    |
| 107    | 30      | Williams  | Development  |
| 107    | 40      | Williams  | Sales        |
| 107    | 50      | Williams  | Support      |
| 108    | 10      | Reynolds  | Accounting   |
| 108    | 20      | Reynolds  | Marketing    |
| 108    | 30      | Reynolds  | Development  |
| 108    | 40      | Reynolds  | Sales        |
| 108    | 50      | Reynolds  | Support      |
| 109    | 10      | Nife      | Accounting   |
| 109    | 20      | Nife      | Marketing    |
| 109    | 30      | Nife      | Development  |
| 109    | 40      | Nife      | Sales        |
| 109    | 50      | Nife      | Support      |
| 110    | 10      | Jones     | Accounting   |
| 110    | 20      | Jones     | Marketing    |
| 110    | 30      | Jones     | Development  |
| 110    | 40      | Jones     | Sales        |
| 110    | 50      | Jones     | Support      |
+--------+---------+-----------+--------------+
0: jdbc:luciddb:> 
0: jdbc:luciddb:> select DEPT.DEPTNO, LOCATION.LOCID, DEPT.DNAME, LOCATION.CITY from DEPT, LOCATION
. . . . . . . . > order by DEPTNO, LOCID;
+---------+--------+--------------+----------------+
| DEPTNO  | LOCID  |    DNAME     |      CITY      |
+---------+--------+--------------+----------------+
| 10      | HQ     | Accounting   | San Mateo      |
| 10      | MP     | Accounting   | Menlo Park     |
| 10      | SF     | Accounting   | San Francisco  |
| 10      | SJ     | Accounting   | Los Angeles    |
| 20      | HQ     | Marketing    | San Mateo      |
| 20      | MP     | Marketing    | Menlo Park     |
| 20      | SF     | Marketing    | San Francisco  |
| 20      | SJ     | Marketing    | Los Angeles    |
| 30      | HQ     | Development  | San Mateo      |
| 30      | MP     | Development  | Menlo Park     |
| 30      | SF     | Development  | San Francisco  |
| 30      | SJ     | Development  | Los Angeles    |
| 40      | HQ     | Sales        | San Mateo      |
| 40      | MP     | Sales        | Menlo Park     |
| 40      | SF     | Sales        | San Francisco  |
| 40      | SJ     | Sales        | Los Angeles    |
| 50      | HQ     | Support      | San Mateo      |
| 50      | MP     | Support      | Menlo Park     |
| 50      | SF     | Support      | San Francisco  |
| 50      | SJ     | Support      | Los Angeles    |
+---------+--------+--------------+----------------+
0: jdbc:luciddb:> 
0: jdbc:luciddb:> !quit
