0: jdbc:luciddb:> -- $Id: //open/lu/dev/luciddb/test/sql/udr/udf/contains_number.sql#1 $
0: jdbc:luciddb:> -- Test queries for containsNumber UDF
0: jdbc:luciddb:> set schema 'udftest';
0: jdbc:luciddb:> set path 'udftest';
0: jdbc:luciddb:> 
0: jdbc:luciddb:> -- define function
0: jdbc:luciddb:> create function contains_number(str varchar(128))
. . . . . . . . > returns boolean
. . . . . . . . > language java
. . . . . . . . > no sql
. . . . . . . . > external name 'class com.lucidera.luciddb.applib.containsNumber.FunctionExecute';
0: jdbc:luciddb:> 
0: jdbc:luciddb:> -- basic tests
0: jdbc:luciddb:> values contains_number('a');
+---------+
| EXPR$0  |
+---------+
| false   |
+---------+
0: jdbc:luciddb:> values contains_number('Ahsdkj6sadsal');
+---------+
| EXPR$0  |
+---------+
| true    |
+---------+
0: jdbc:luciddb:> values contains_number('gsdfglksjf^%$^$%dslkfjskfjw~!@$EWFDZVcxvkjdsifio#@%^$_
. . . . . . . . > +@fdjgklfdirue');
+---------+
| EXPR$0  |
+---------+
| false   |
+---------+
0: jdbc:luciddb:> 
0: jdbc:luciddb:> -- create view with reference to contains_number
0: jdbc:luciddb:> create view has_number(fname, fcol, phcol) as
. . . . . . . . > select fname, contains_number(fname), contains_number(phone) 
. . . . . . . . > from customers;
0: jdbc:luciddb:> 
0: jdbc:luciddb:> select * from has_number 
. . . . . . . . > order by 1;
+---------------+--------+--------+
|     FNAME     |  FCOL  | PHCOL  |
+---------------+--------+--------+
| 2Tito1        | true   | true   |
| Dirk the 3rd  | true   | true   |
| Ephram        | false  | true   |
| Gregory       | false  | true   |
| Lilah         | false  | true   |
| Mark          | false  | true   |
| Mary          | false  | true   |
+---------------+--------+--------+
0: jdbc:luciddb:> 
0: jdbc:luciddb:> -- in expressions
0: jdbc:luciddb:> select * from customers
. . . . . . . . > where contains_number(fname)
. . . . . . . . > order by 1;
+---------------+------------+------+------+-------------------------+
|     FNAME     |   LNAME    | AGE  | SEX  |          PHONE          |
+---------------+------------+------+------+-------------------------+
| 2Tito1        |            | 17   | F    | 888 888 8888            |
| Dirk the 3rd  | Treethorn  | 39   | M    | 8622399175              |
+---------------+------------+------+------+-------------------------+
0: jdbc:luciddb:> 
0: jdbc:luciddb:> select * from customers
. . . . . . . . > where contains_number(fname) 
. . . . . . . . > and sex = 'F'
. . . . . . . . > order by 1;
+---------------+------------+------+------+-------------------------+
|     FNAME     |   LNAME    | AGE  | SEX  |          PHONE          |
+---------------+------------+------+------+-------------------------+
| 2Tito1        |            | 17   | F    | 888 888 8888            |
+---------------+------------+------+------+-------------------------+
0: jdbc:luciddb:> 
0: jdbc:luciddb:> 
0: jdbc:luciddb:> !quit
