0: jdbc:luciddb:> set schema 'mergetest';
0: jdbc:luciddb:> 
0: jdbc:luciddb:> 
0: jdbc:luciddb:> -- Create and populate tables
0: jdbc:luciddb:> 
0: jdbc:luciddb:> create table EMPTEMP (
. . . . . . . . >   EMPNO integer not null,
. . . . . . . . >   FNAME varchar(15),
. . . . . . . . >   LNAME varchar(15),
. . . . . . . . >   SEX char(1),
. . . . . . . . >   DEPTNO integer,
. . . . . . . . >   DNAME varchar(15),
. . . . . . . . >   MANAGER integer,
. . . . . . . . >   MFNAME varchar(15),
. . . . . . . . >   MLNAME varchar(15),
. . . . . . . . >   LOCID char(2),
. . . . . . . . >   CITY varchar(8),
. . . . . . . . >   SAL decimal(10, 2),
. . . . . . . . >   COMMISION decimal(10, 2),
. . . . . . . . >   HOBBY varchar(25)
. . . . . . . . > );
0: jdbc:luciddb:> 
0: jdbc:luciddb:> 
0: jdbc:luciddb:> --
0: jdbc:luciddb:> -- functions on update and insert
0: jdbc:luciddb:> --
0: jdbc:luciddb:> insert into emptemp(empno, fname, lname, manager)
. . . . . . . . >   (select empno, fname, lname, manager from emp where empno <= 105);
0: jdbc:luciddb:> 
0: jdbc:luciddb:> merge into emptemp et
. . . . . . . . > using
. . . . . . . . >   (select e.empno, e.fname, e.lname, e.manager, m.fname as mfn, m.lname as mln
. . . . . . . . >    from emp e, emp m
. . . . . . . . >    where e.manager = m.empno) as t
. . . . . . . . >   on t.empno = et.empno
. . . . . . . . > when matched then
. . . . . . . . >   update set mfname = upper(substring(t.mfn from 1 for 1)),
. . . . . . . . >              mlname = t.mln   
. . . . . . . . > when not matched then
. . . . . . . . >   insert (empno, fname, lname, manager, mfname, mlname)
. . . . . . . . >   values (t.empno, t.fname, t.lname, t.manager, t.mfn, 
. . . . . . . . >           upper(substring(t.mln from 1 for 1)));
0: jdbc:luciddb:> 
0: jdbc:luciddb:> select empno, fname, lname, manager, mfname, mlname from emptemp order by 1;
+--------+--------+-----------+----------+---------+----------+
| EMPNO  | FNAME  |   LNAME   | MANAGER  | MFNAME  |  MLNAME  |
+--------+--------+-----------+----------+---------+----------+
| 100    | Bill   | Bush      |          |         |          |
| 101    | Bob    | Brown     | 100      | B       | Bush     |
| 102    | Julie  | Andrews   | 104      | F       | Fratz    |
| 103    | Frank  | Webber    | 102      | J       | Andrews  |
| 104    | Fritz  | Fratz     | 100      | B       | Bush     |
| 105    | Rich   | Guy       | 102      | J       | Andrews  |
| 106    | Rob    | Roy       | 102      | Julie   | A        |
| 107    | Robin  | Williams  | 103      | Frank   | W        |
| 108    | Mary   | Reynolds  | 104      | Fritz   | F        |
| 109    | Jack   | Nife      | 100      | Bill    | B        |
| 110    | Jill   | Jones     | 101      | Bob     | B        |
+--------+--------+-----------+----------+---------+----------+
0: jdbc:luciddb:> 
0: jdbc:luciddb:> delete from emptemp;
0: jdbc:luciddb:> 
0: jdbc:luciddb:> 
0: jdbc:luciddb:> --
0: jdbc:luciddb:> -- case statement in ref table
0: jdbc:luciddb:> --
0: jdbc:luciddb:> insert into emptemp(empno, locid, sal)
. . . . . . . . >   (select empno, locid, sal from emp where empno <= 105);
0: jdbc:luciddb:> 
0: jdbc:luciddb:> merge into emptemp et 
. . . . . . . . > using (select empno,
. . . . . . . . >               (case when locid='HQ' then sal + 2 
. . . . . . . . >                     else sal
. . . . . . . . >                end) as sal,
. . . . . . . . >               locid
. . . . . . . . >        from emp) as temp
. . . . . . . . >   on et.empno = temp.empno
. . . . . . . . > when matched then
. . . . . . . . >   update set sal = temp.sal
. . . . . . . . > when not matched then
. . . . . . . . >   insert (empno, locid, sal)
. . . . . . . . >   values (temp.empno, temp.locid, temp.sal);
0: jdbc:luciddb:> 
0: jdbc:luciddb:> select empno, locid, sal from emptemp order by 1;
+--------+--------+-----------+
| EMPNO  | LOCID  |    SAL    |
+--------+--------+-----------+
| 100    | HQ     | 50002.00  |
| 101    | SJ     | 50000.00  |
| 102    | MP     | 50000.00  |
| 103    | MP     | 50000.00  |
| 104    | HQ     | 50002.00  |
| 105    | HQ     | 50002.00  |
| 106    | SF     | 50000.00  |
| 107    | HQ     | 50002.00  |
| 108    | SF     | 50000.00  |
| 109    | SF     | 50000.00  |
| 110    | MP     | 50000.00  |
+--------+--------+-----------+
0: jdbc:luciddb:> delete from emptemp;
0: jdbc:luciddb:> 
0: jdbc:luciddb:> -- same query with case in update and insert
0: jdbc:luciddb:> isnert into emptemp(empno, locid, sal) 
. . . . . . . . >   (select empno, locid, sal from emp where empno <=105);
Error: Non-query expression encountered in illegal context (state=,code=0)
0: jdbc:luciddb:> 
0: jdbc:luciddb:> merge into emptemp et
. . . . . . . . > using emp e on et.empno = e.empno
. . . . . . . . > when matched then
. . . . . . . . >   update set sal = 
. . . . . . . . >     (case when e.locid='HQ' then e.sal + 2
. . . . . . . . >           else e.sal
. . . . . . . . >      end)
. . . . . . . . > when not matched then
. . . . . . . . >   insert (empno, locid, sal)
. . . . . . . . >   values (e.empno, e.locid, 
. . . . . . . . >           (case when e.locid='Hq' then e.sal + 2
. . . . . . . . >                 else e.sal
. . . . . . . . >            end));
0: jdbc:luciddb:> 
0: jdbc:luciddb:> select empno, locid, sal from emptemp order by 1;
+--------+--------+-----------+
| EMPNO  | LOCID  |    SAL    |
+--------+--------+-----------+
| 100    | HQ     | 50000.00  |
| 101    | SJ     | 50000.00  |
| 102    | MP     | 50000.00  |
| 103    | MP     | 50000.00  |
| 104    | HQ     | 50000.00  |
| 105    | HQ     | 50000.00  |
| 106    | SF     | 50000.00  |
| 107    | HQ     | 50000.00  |
| 108    | SF     | 50000.00  |
| 109    | SF     | 50000.00  |
| 110    | MP     | 50000.00  |
+--------+--------+-----------+
0: jdbc:luciddb:> delete from emptemp;
0: jdbc:luciddb:> 
0: jdbc:luciddb:> --
0: jdbc:luciddb:> -- case statement in update and insert
0: jdbc:luciddb:> --
0: jdbc:luciddb:> insert into emp (empno, sal, locid) values(200, 40000, 'MP');
0: jdbc:luciddb:> insert into emp (empno, sal, locid) values(201, 60000, 'MP');
0: jdbc:luciddb:> 
0: jdbc:luciddb:> insert into emptemp(empno, fname, lname, deptno, sal)
. . . . . . . . >   (select empno, fname, lname, deptno, sal from emp where empno <= 105 or empno >= 200);
0: jdbc:luciddb:> 
0: jdbc:luciddb:> merge into emptemp et
. . . . . . . . > using emp e
. . . . . . . . >   on (e.empno = et.empno)
. . . . . . . . > when matched then
. . . . . . . . >   update set sal = 
. . . . . . . . >     (case when et.sal <= 40000 then et.sal + 1
. . . . . . . . >           when et.sal <= 50000 then et.sal + 2
. . . . . . . . >           else et.sal + 3
. . . . . . . . >     end)
. . . . . . . . > when not matched then
. . . . . . . . >   insert (empno, fname, lname, deptno, sal)
. . . . . . . . >   values (
. . . . . . . . >     e.empno,
. . . . . . . . >     upper(e.fname),
. . . . . . . . >     upper(e.lname),
. . . . . . . . >     deptno,
. . . . . . . . >     (case when e.sal <= 50000 then e.sal + 4
. . . . . . . . >           else e.sal + 5  
. . . . . . . . >      end));
0: jdbc:luciddb:> 
0: jdbc:luciddb:> select empno, fname, lname, sal from emptemp order by 1;
+--------+--------+-----------+-----------+
| EMPNO  | FNAME  |   LNAME   |    SAL    |
+--------+--------+-----------+-----------+
| 100    | Bill   | Bush      | 50002.00  |
| 101    | Bob    | Brown     | 50002.00  |
| 102    | Julie  | Andrews   | 50002.00  |
| 103    | Frank  | Webber    | 50002.00  |
| 104    | Fritz  | Fratz     | 50002.00  |
| 105    | Rich   | Guy       | 50002.00  |
| 106    | ROB    | ROY       | 50004.00  |
| 107    | ROBIN  | WILLIAMS  | 50004.00  |
| 108    | MARY   | REYNOLDS  | 50004.00  |
| 109    | JACK   | NIFE      | 50004.00  |
| 110    | JILL   | JONES     | 50004.00  |
| 200    |        |           | 40001.00  |
| 201    |        |           | 60003.00  |
+--------+--------+-----------+-----------+
0: jdbc:luciddb:> 
0: jdbc:luciddb:> delete from emp where empno >= 200;
0: jdbc:luciddb:> delete from emptemp;
0: jdbc:luciddb:> 
0: jdbc:luciddb:> 
0: jdbc:luciddb:> 
0: jdbc:luciddb:> 
0: jdbc:luciddb:> drop table emptemp;
0: jdbc:luciddb:> 
0: jdbc:luciddb:> !quit
