0: jdbc:luciddb:> create schema gcrc;
0: jdbc:luciddb:> set schema 'gcrc';
0: jdbc:luciddb:> 
0: jdbc:luciddb:> 
0: jdbc:luciddb:> create table types (
. . . . . . . . >   c_smallint smallint,
. . . . . . . . >   c_tinyint tinyint,
. . . . . . . . >   c_int integer, 
. . . . . . . . >   c_varchar varchar(10), 
. . . . . . . . >   c_bigint bigint, 
. . . . . . . . >   c_char char(10), 
. . . . . . . . >   c_decimal decimal(10,4), 
. . . . . . . . >   c_date date, 
. . . . . . . . >   c_time time, 
. . . . . . . . >   c_timestamp timestamp,
. . . . . . . . >   c_boolean boolean
. . . . . . . . > );
0: jdbc:luciddb:> 
0: jdbc:luciddb:> create table types_subset (
. . . . . . . . >   c_smallint smallint,
. . . . . . . . >   c_tinyint tinyint,
. . . . . . . . >   c_varchar varchar(10), 
. . . . . . . . >   c_decimal decimal(10,4),
. . . . . . . . >   c_timestamp timestamp,
. . . . . . . . >   c_boolean boolean
. . . . . . . . > );
0: jdbc:luciddb:> 
0: jdbc:luciddb:> -- setup table
0: jdbc:luciddb:> insert into types values
. . . . . . . . > (32767,127,2147483647,'abcdefghij',9223372036854775807,'abcdefghij',999999.9999,date'2006-12-19', time'4:29:29',timestamp'2020-2-2 2:2:2',true),
. . . . . . . . > (null,null,null,null,null,null,null,null,null,null,null),
. . . . . . . . > (-32767,-127,-2147483647,'abcdefghij',-9223372036854775807,'abcdefghij',-999999.9999,date'2006-12-19', time'4:29:29',timestamp'2020-2-2 2:2:2',true),
. . . . . . . . > (1,null,56,'lola',null,null,null,date'1979-2-20', time'8:17:3',null,false),
. . . . . . . . > (null,1,null,null,56,'lola',null,date'1979-2-20', time'8:17:3',null,false),
. . . . . . . . > (null,1,null,null,56,'lola',null,null,null,timestamp'1979-2-20 8:17:3',false);
0: jdbc:luciddb:> 
0: jdbc:luciddb:> insert into types_subset values
. . . . . . . . > (32767,127,'abcdefghij',999999.9999,timestamp'2020-2-2 2:2:2',true),
. . . . . . . . > (null,null,null,null,null,null),
. . . . . . . . > (-32767,-127,'abcdefghij',-999999.9999,timestamp'2020-2-2 2:2:2',true),
. . . . . . . . > (1,null,'lola',null,null,false),
. . . . . . . . > (null,1,null,null,null,false),
. . . . . . . . > (null,1,null,null,timestamp'1979-2-20 8:17:3',false);
0: jdbc:luciddb:> 
0: jdbc:luciddb:> -- check crc_values
0: jdbc:luciddb:> select * 
. . . . . . . . > from table(applib.generate_crc(
. . . . . . . . >   cursor(select * from types)))
. . . . . . . . > order by 1,2,3,4,5,6,7,8,9,10,11,12;
+-------------+------------+--------------+-------------+-----------------------+-------------+---------------+-------------+-----------+------------------------+------------+-------------+
| C_SMALLINT  | C_TINYINT  |    C_INT     |  C_VARCHAR  |       C_BIGINT        |   C_CHAR    |   C_DECIMAL   |   C_DATE    |  C_TIME   |      C_TIMESTAMP       | C_BOOLEAN  |  CRC_VALUE  |
+-------------+------------+--------------+-------------+-----------------------+-------------+---------------+-------------+-----------+------------------------+------------+-------------+
|             |            |              |             |                       |             |               |             |           |                        |            | 183628849   |
|             | 1          |              |             | 56                    | lola        |               |             |           | 1979-02-20 08:17:03.0  | false      | 943928285   |
|             | 1          |              |             | 56                    | lola        |               | 1979-02-20  | 08:17:03  |                        | false      | 291202103   |
| -32767      | -127       | -2147483647  | abcdefghij  | -9223372036854775807  | abcdefghij  | -999999.9999  | 2006-12-19  | 04:29:29  | 2020-02-02 02:02:02.0  | true       | 2501374994  |
| 1           |            | 56           | lola        |                       |             |               | 1979-02-20  | 08:17:03  |                        | false      | 2390286305  |
| 32767       | 127        | 2147483647   | abcdefghij  | 9223372036854775807   | abcdefghij  | 999999.9999   | 2006-12-19  | 04:29:29  | 2020-02-02 02:02:02.0  | true       | 3646050688  |
+-------------+------------+--------------+-------------+-----------------------+-------------+---------------+-------------+-----------+------------------------+------------+-------------+
0: jdbc:luciddb:> 
0: jdbc:luciddb:> -- should get the same crc values for both queries below
0: jdbc:luciddb:> select * 
. . . . . . . . > from table(applib.generate_crc(
. . . . . . . . >   cursor(select * from types_subset)))
. . . . . . . . > order by 1,2,3,4,5,6;
+-------------+------------+-------------+---------------+------------------------+------------+-------------+
| C_SMALLINT  | C_TINYINT  |  C_VARCHAR  |   C_DECIMAL   |      C_TIMESTAMP       | C_BOOLEAN  |  CRC_VALUE  |
+-------------+------------+-------------+---------------+------------------------+------------+-------------+
|             |            |             |               |                        |            | 1403259311  |
|             | 1          |             |               |                        | false      | 2591132920  |
|             | 1          |             |               | 1979-02-20 08:17:03.0  | false      | 2914228427  |
| -32767      | -127       | abcdefghij  | -999999.9999  | 2020-02-02 02:02:02.0  | true       | 1717056124  |
| 1           |            | lola        |               |                        | false      | 1633830238  |
| 32767       | 127        | abcdefghij  | 999999.9999   | 2020-02-02 02:02:02.0  | true       | 3509424027  |
+-------------+------------+-------------+---------------+------------------------+------------+-------------+
0: jdbc:luciddb:> 
0: jdbc:luciddb:> select *
. . . . . . . . > from table(applib.generate_crc(
. . . . . . . . >   cursor(select * from types),
. . . . . . . . >   row(c_smallint, c_tinyint, c_varchar, c_decimal, c_timestamp, c_boolean),
. . . . . . . . >   false))
. . . . . . . . > order by 1,2,4,7,10,11;
+-------------+------------+--------------+-------------+-----------------------+-------------+---------------+-------------+-----------+------------------------+------------+-------------+
| C_SMALLINT  | C_TINYINT  |    C_INT     |  C_VARCHAR  |       C_BIGINT        |   C_CHAR    |   C_DECIMAL   |   C_DATE    |  C_TIME   |      C_TIMESTAMP       | C_BOOLEAN  |  CRC_VALUE  |
+-------------+------------+--------------+-------------+-----------------------+-------------+---------------+-------------+-----------+------------------------+------------+-------------+
|             |            |              |             |                       |             |               |             |           |                        |            | 1403259311  |
|             | 1          |              |             | 56                    | lola        |               | 1979-02-20  | 08:17:03  |                        | false      | 2591132920  |
|             | 1          |              |             | 56                    | lola        |               |             |           | 1979-02-20 08:17:03.0  | false      | 2914228427  |
| -32767      | -127       | -2147483647  | abcdefghij  | -9223372036854775807  | abcdefghij  | -999999.9999  | 2006-12-19  | 04:29:29  | 2020-02-02 02:02:02.0  | true       | 1717056124  |
| 1           |            | 56           | lola        |                       |             |               | 1979-02-20  | 08:17:03  |                        | false      | 1633830238  |
| 32767       | 127        | 2147483647   | abcdefghij  | 9223372036854775807   | abcdefghij  | 999999.9999   | 2006-12-19  | 04:29:29  | 2020-02-02 02:02:02.0  | true       | 3509424027  |
+-------------+------------+--------------+-------------+-----------------------+-------------+---------------+-------------+-----------+------------------------+------------+-------------+
0: jdbc:luciddb:> 
0: jdbc:luciddb:> create table temptypes(c_decimal decimal(10,5),c_tinyint tinyint,c_smallint smallint,c_int integer,c_bigint bigint,c_char char(10),c_varchar varchar(10),c_varchar2 varchar(2),c_int2 char(3),c_timestamp timestamp,c_boolean boolean);
0: jdbc:luciddb:> 
0: jdbc:luciddb:> -- crc value not different for different column types, same data
0: jdbc:luciddb:> insert into temptypes values
. . . . . . . . > (null,1,null,null,56,'lola',null,null,null,timestamp'1979-2-20 8:17:3',false);
0: jdbc:luciddb:> 
0: jdbc:luciddb:> select * 
. . . . . . . . > from table(applib.generate_crc(
. . . . . . . . >   cursor(select * from temptypes)))
. . . . . . . . > order by 1,2,3,4,5,6,7,8,9,10,11,12;
+------------+------------+-------------+--------+-----------+-------------+------------+-------------+---------+------------------------+------------+------------+
| C_DECIMAL  | C_TINYINT  | C_SMALLINT  | C_INT  | C_BIGINT  |   C_CHAR    | C_VARCHAR  | C_VARCHAR2  | C_INT2  |      C_TIMESTAMP       | C_BOOLEAN  | CRC_VALUE  |
+------------+------------+-------------+--------+-----------+-------------+------------+-------------+---------+------------------------+------------+------------+
|            | 1          |             |        | 56        | lola        |            |             |         | 1979-02-20 08:17:03.0  | false      | 943928285  |
+------------+------------+-------------+--------+-----------+-------------+------------+-------------+---------+------------------------+------------+------------+
0: jdbc:luciddb:> 
0: jdbc:luciddb:> -- on joined table
0: jdbc:luciddb:> select *
. . . . . . . . > from table(applib.generate_crc(
. . . . . . . . >   cursor(select * from types, temptypes 
. . . . . . . . >     where types.c_tinyint = temptypes.c_tinyint)))
. . . . . . . . > order by crc_value,1,2,3,4,5,6,7,8,9,10,11;
+-------------+------------+--------+------------+-----------+-------------+------------+-------------+-----------+------------------------+------------+-------------+-------------+--------------+---------+------------+-------------+-------------+-------------+---------+------------------------+-------------+-------------+
| C_SMALLINT  | C_TINYINT  | C_INT  | C_VARCHAR  | C_BIGINT  |   C_CHAR    | C_DECIMAL  |   C_DATE    |  C_TIME   |      C_TIMESTAMP       | C_BOOLEAN  | C_DECIMAL0  | C_TINYINT0  | C_SMALLINT0  | C_INT0  | C_BIGINT0  |   C_CHAR0   | C_VARCHAR0  | C_VARCHAR2  | C_INT2  |      C_TIMESTAMP0      | C_BOOLEAN0  |  CRC_VALUE  |
+-------------+------------+--------+------------+-----------+-------------+------------+-------------+-----------+------------------------+------------+-------------+-------------+--------------+---------+------------+-------------+-------------+-------------+---------+------------------------+-------------+-------------+
|             | 1          |        |            | 56        | lola        |            |             |           | 1979-02-20 08:17:03.0  | false      |             | 1           |              |         | 56         | lola        |             |             |         | 1979-02-20 08:17:03.0  | false       | 345188111   |
|             | 1          |        |            | 56        | lola        |            | 1979-02-20  | 08:17:03  |                        | false      |             | 1           |              |         | 56         | lola        |             |             |         | 1979-02-20 08:17:03.0  | false       | 3857310128  |
+-------------+------------+--------+------------+-----------+-------------+------------+-------------+-----------+------------------------+------------+-------------+-------------+--------------+---------+------------+-------------+-------------+-------------+---------+------------------------+-------------+-------------+
0: jdbc:luciddb:> 
0: jdbc:luciddb:> -- join with filter
0: jdbc:luciddb:> select * 
. . . . . . . . > from table(applib.generate_crc(
. . . . . . . . >   cursor(select * from types,temptypes where types.c_decimal > 0)))
. . . . . . . . > order by crc_value,1,2,3,4,5,6,7,8,9,10,11;
+-------------+------------+-------------+-------------+----------------------+-------------+--------------+-------------+-----------+------------------------+------------+-------------+-------------+--------------+---------+------------+-------------+-------------+-------------+---------+------------------------+-------------+-------------+
| C_SMALLINT  | C_TINYINT  |    C_INT    |  C_VARCHAR  |       C_BIGINT       |   C_CHAR    |  C_DECIMAL   |   C_DATE    |  C_TIME   |      C_TIMESTAMP       | C_BOOLEAN  | C_DECIMAL0  | C_TINYINT0  | C_SMALLINT0  | C_INT0  | C_BIGINT0  |   C_CHAR0   | C_VARCHAR0  | C_VARCHAR2  | C_INT2  |      C_TIMESTAMP0      | C_BOOLEAN0  |  CRC_VALUE  |
+-------------+------------+-------------+-------------+----------------------+-------------+--------------+-------------+-----------+------------------------+------------+-------------+-------------+--------------+---------+------------+-------------+-------------+-------------+---------+------------------------+-------------+-------------+
| 32767       | 127        | 2147483647  | abcdefghij  | 9223372036854775807  | abcdefghij  | 999999.9999  | 2006-12-19  | 04:29:29  | 2020-02-02 02:02:02.0  | true       |             | 1           |              |         | 56         | lola        |             |             |         | 1979-02-20 08:17:03.0  | false       | 1622891061  |
+-------------+------------+-------------+-------------+----------------------+-------------+--------------+-------------+-----------+------------------------+------------+-------------+-------------+--------------+---------+------------+-------------+-------------+-------------+---------+------------------------+-------------+-------------+
0: jdbc:luciddb:> 
0: jdbc:luciddb:> -- on view
0: jdbc:luciddb:> create view typeview as
. . . . . . . . > select c_decimal, c_tinyint, c_smallint, c_int, c_bigint, c_char, c_varchar, c_timestamp, c_boolean from types;
0: jdbc:luciddb:> 
0: jdbc:luciddb:> select * 
. . . . . . . . > from table(applib.generate_crc(
. . . . . . . . >   cursor(select * from typeview)))
. . . . . . . . > order by crc_value,1,2,3,4,5,6,7,8,9;
+---------------+------------+-------------+--------------+-----------------------+-------------+-------------+------------------------+------------+-------------+
|   C_DECIMAL   | C_TINYINT  | C_SMALLINT  |    C_INT     |       C_BIGINT        |   C_CHAR    |  C_VARCHAR  |      C_TIMESTAMP       | C_BOOLEAN  |  CRC_VALUE  |
+---------------+------------+-------------+--------------+-----------------------+-------------+-------------+------------------------+------------+-------------+
|               |            | 1           | 56           |                       |             | lola        |                        | false      | 48111159    |
| -999999.9999  | -127       | -32767      | -2147483647  | -9223372036854775807  | abcdefghij  | abcdefghij  | 2020-02-02 02:02:02.0  | true       | 817500417   |
| 999999.9999   | 127        | 32767       | 2147483647   | 9223372036854775807   | abcdefghij  | abcdefghij  | 2020-02-02 02:02:02.0  | true       | 1378025043  |
|               | 1          |             |              | 56                    | lola        |             | 1979-02-20 08:17:03.0  | false      | 1820525944  |
|               |            |             |              |                       |             |             |                        |            | 1901422219  |
|               | 1          |             |              | 56                    | lola        |             |                        | false      | 2540662126  |
+---------------+------------+-------------+--------------+-----------------------+-------------+-------------+------------------------+------------+-------------+
0: jdbc:luciddb:> 
0: jdbc:luciddb:> -- functions
0: jdbc:luciddb:> select * 
. . . . . . . . > from table(applib.generate_crc(
. . . . . . . . >   cursor(select c_smallint/2, coalesce(c_varchar, 'null') from types)))
. . . . . . . . > order by crc_value,1,2;
+----------------+-------------+-------------+
|     EXPR$0     |   EXPR$1    |  CRC_VALUE  |
+----------------+-------------+-------------+
| 16383.500000   | abcdefghij  | 644472802   |
| 0.500000       | lola        | 1385047507  |
| -16383.500000  | abcdefghij  | 1704152767  |
|                | null        | 3354515199  |
|                | null        | 3354515199  |
|                | null        | 3354515199  |
+----------------+-------------+-------------+
0: jdbc:luciddb:>  
0: jdbc:luciddb:> -- recursive
0: jdbc:luciddb:> select *
. . . . . . . . > from table(applib.generate_crc(
. . . . . . . . >   cursor(select * from table(applib.generate_crc(
. . . . . . . . >     cursor(select * from types))))))
. . . . . . . . > order by crc_value,1,2,3,4,5,6,7,8,9,10,11,12;
+-------------+------------+--------------+-------------+-----------------------+-------------+---------------+-------------+-----------+------------------------+------------+-------------+-------------+
| C_SMALLINT  | C_TINYINT  |    C_INT     |  C_VARCHAR  |       C_BIGINT        |   C_CHAR    |   C_DECIMAL   |   C_DATE    |  C_TIME   |      C_TIMESTAMP       | C_BOOLEAN  |  CRC_VALUE  | CRC_VALUE0  |
+-------------+------------+--------------+-------------+-----------------------+-------------+---------------+-------------+-----------+------------------------+------------+-------------+-------------+
|             |            |              |             |                       |             |               |             |           |                        |            | 183628849   | 183628849   |
|             | 1          |              |             | 56                    | lola        |               | 1979-02-20  | 08:17:03  |                        | false      | 291202103   | 291202103   |
|             | 1          |              |             | 56                    | lola        |               |             |           | 1979-02-20 08:17:03.0  | false      | 943928285   | 943928285   |
| 1           |            | 56           | lola        |                       |             |               | 1979-02-20  | 08:17:03  |                        | false      | 2390286305  | 2390286305  |
| -32767      | -127       | -2147483647  | abcdefghij  | -9223372036854775807  | abcdefghij  | -999999.9999  | 2006-12-19  | 04:29:29  | 2020-02-02 02:02:02.0  | true       | 2501374994  | 2501374994  |
| 32767       | 127        | 2147483647   | abcdefghij  | 9223372036854775807   | abcdefghij  | 999999.9999   | 2006-12-19  | 04:29:29  | 2020-02-02 02:02:02.0  | true       | 3646050688  | 3646050688  |
+-------------+------------+--------------+-------------+-----------------------+-------------+---------------+-------------+-----------+------------------------+------------+-------------+-------------+
0: jdbc:luciddb:> 
0: jdbc:luciddb:> -- merge 
0: jdbc:luciddb:> create table types2 (
. . . . . . . . >   c_smallint smallint,
. . . . . . . . >   c_tinyint tinyint,
. . . . . . . . >   c_int integer, 
. . . . . . . . >   c_varchar varchar(10), 
. . . . . . . . >   c_bigint bigint, 
. . . . . . . . >   c_char char(10), 
. . . . . . . . >   c_decimal decimal(10,4), 
. . . . . . . . >   c_date date, 
. . . . . . . . >   c_time time, 
. . . . . . . . >   c_timestamp timestamp,
. . . . . . . . >   c_boolean boolean,
. . . . . . . . >   crc bigint
. . . . . . . . > );
0: jdbc:luciddb:> 
0: jdbc:luciddb:> delete from types_subset where c_tinyint is null;
0: jdbc:luciddb:> insert into types2(crc) values (3509424027), (2591132920);
0: jdbc:luciddb:> select crc_value from table(applib.generate_crc(
. . . . . . . . >   cursor(select * from types_subset)))
. . . . . . . . > order by c_smallint, c_tinyint, c_varchar, c_decimal, c_timestamp, c_boolean;
+-------------+
|  CRC_VALUE  |
+-------------+
| 2591132920  |
| 2914228427  |
| 1717056124  |
| 3509424027  |
+-------------+
0: jdbc:luciddb:> 
0: jdbc:luciddb:> -- this should populate types2 with all the same rows as types_subset
0: jdbc:luciddb:> merge into types2 as tgt
. . . . . . . . >   using table(applib.generate_crc(cursor(select * from types_subset))) as src
. . . . . . . . >   on tgt.crc = src.crc_value
. . . . . . . . >   when matched then
. . . . . . . . >     update set c_smallint = src.c_smallint, c_tinyint = src.c_tinyint,
. . . . . . . . >       c_varchar = src.c_varchar, c_decimal = src.c_decimal,
. . . . . . . . >       c_timestamp = src.c_timestamp, c_boolean = src.c_boolean
. . . . . . . . >   when not matched then
. . . . . . . . >     insert (c_smallint, c_tinyint, c_varchar, c_decimal, c_timestamp,
. . . . . . . . >       c_boolean, crc)
. . . . . . . . >       values (src.c_smallint, src.c_tinyint, src.c_varchar, src.c_decimal,
. . . . . . . . >       src.c_timestamp, src.c_boolean, src.crc_value);
0: jdbc:luciddb:> 
0: jdbc:luciddb:> select * from types2 order by 1,2,3,4,5,6,7,8,9,10,11;
+-------------+------------+--------+-------------+-----------+---------+---------------+---------+---------+------------------------+------------+-------------+
| C_SMALLINT  | C_TINYINT  | C_INT  |  C_VARCHAR  | C_BIGINT  | C_CHAR  |   C_DECIMAL   | C_DATE  | C_TIME  |      C_TIMESTAMP       | C_BOOLEAN  |     CRC     |
+-------------+------------+--------+-------------+-----------+---------+---------------+---------+---------+------------------------+------------+-------------+
|             | 1          |        |             |           |         |               |         |         |                        | false      | 2591132920  |
|             | 1          |        |             |           |         |               |         |         | 1979-02-20 08:17:03.0  | false      | 2914228427  |
| -32767      | -127       |        | abcdefghij  |           |         | -999999.9999  |         |         | 2020-02-02 02:02:02.0  | true       | 1717056124  |
| 32767       | 127        |        | abcdefghij  |           |         | 999999.9999   |         |         | 2020-02-02 02:02:02.0  | true       | 3509424027  |
+-------------+------------+--------+-------------+-----------+---------+---------------+---------+---------+------------------------+------------+-------------+
0: jdbc:luciddb:> 
0: jdbc:luciddb:> -- now update types2 so that it has all the fields in types
0: jdbc:luciddb:> -- and new rows have crc value of null
0: jdbc:luciddb:> merge into types2 as tgt 
. . . . . . . . >   using table(applib.generate_crc(
. . . . . . . . >     cursor(select * from types),
. . . . . . . . >     row(c_smallint, c_tinyint, c_varchar, c_decimal, c_timestamp, c_boolean),
. . . . . . . . >     false)) as src
. . . . . . . . >   on tgt.crc = src.crc_value
. . . . . . . . >   when matched then 
. . . . . . . . >     update set c_int = src.c_int, c_bigint = src.c_bigint, c_char = src.c_char,
. . . . . . . . >       c_date = src.c_date, c_time = src.c_time
. . . . . . . . >   when not matched then
. . . . . . . . >     insert values(src.c_smallint, src.c_tinyint, src.c_int, src.c_varchar,
. . . . . . . . >       src.c_bigint, src.c_char, src.c_decimal, src.c_date, src.c_time,
. . . . . . . . >       src.c_timestamp, src.c_boolean, null);
0: jdbc:luciddb:> 
0: jdbc:luciddb:> -- crc should be the same output as using types table since we're excluding
0: jdbc:luciddb:> -- the crc row
0: jdbc:luciddb:> select * from table(applib.generate_crc(
. . . . . . . . >   cursor(select * from types2), 
. . . . . . . . >   row(crc),
. . . . . . . . >   true))
. . . . . . . . > order by 1,2,3,4,5,6,7,8,9,10,11,12;
+-------------+------------+--------------+-------------+-----------------------+-------------+---------------+-------------+-----------+------------------------+------------+-------------+-------------+
| C_SMALLINT  | C_TINYINT  |    C_INT     |  C_VARCHAR  |       C_BIGINT        |   C_CHAR    |   C_DECIMAL   |   C_DATE    |  C_TIME   |      C_TIMESTAMP       | C_BOOLEAN  |     CRC     |  CRC_VALUE  |
+-------------+------------+--------------+-------------+-----------------------+-------------+---------------+-------------+-----------+------------------------+------------+-------------+-------------+
|             |            |              |             |                       |             |               |             |           |                        |            |             | 183628849   |
|             | 1          |              |             | 56                    | lola        |               |             |           | 1979-02-20 08:17:03.0  | false      | 2914228427  | 943928285   |
|             | 1          |              |             | 56                    | lola        |               | 1979-02-20  | 08:17:03  |                        | false      | 2591132920  | 291202103   |
| -32767      | -127       | -2147483647  | abcdefghij  | -9223372036854775807  | abcdefghij  | -999999.9999  | 2006-12-19  | 04:29:29  | 2020-02-02 02:02:02.0  | true       | 1717056124  | 2501374994  |
| 1           |            | 56           | lola        |                       |             |               | 1979-02-20  | 08:17:03  |                        | false      |             | 2390286305  |
| 32767       | 127        | 2147483647   | abcdefghij  | 9223372036854775807   | abcdefghij  | 999999.9999   | 2006-12-19  | 04:29:29  | 2020-02-02 02:02:02.0  | true       | 3509424027  | 3646050688  |
+-------------+------------+--------------+-------------+-----------------------+-------------+---------------+-------------+-----------+------------------------+------------+-------------+-------------+
0: jdbc:luciddb:> 
0: jdbc:luciddb:> 
0: jdbc:luciddb:> -- what happens if no rows selected?
0: jdbc:luciddb:> select * from table(applib.generate_crc(
. . . . . . . . >   cursor(select * from types_subset),
. . . . . . . . >   row(c_smallint, c_tinyint, c_varchar, c_decimal, c_timestamp, c_boolean),
. . . . . . . . >   true))
. . . . . . . . > order by 1,2,3,4,5,6,7;
+-------------+------------+-------------+---------------+------------------------+------------+------------+
| C_SMALLINT  | C_TINYINT  |  C_VARCHAR  |   C_DECIMAL   |      C_TIMESTAMP       | C_BOOLEAN  | CRC_VALUE  |
+-------------+------------+-------------+---------------+------------------------+------------+------------+
|             | 1          |             |               |                        | false      | 0          |
|             | 1          |             |               | 1979-02-20 08:17:03.0  | false      | 0          |
| -32767      | -127       | abcdefghij  | -999999.9999  | 2020-02-02 02:02:02.0  | true       | 0          |
| 32767       | 127        | abcdefghij  | 999999.9999   | 2020-02-02 02:02:02.0  | true       | 0          |
+-------------+------------+-------------+---------------+------------------------+------------+------------+
0: jdbc:luciddb:> 
0: jdbc:luciddb:> -- cleanup
0: jdbc:luciddb:> drop view typeview cascade;
0: jdbc:luciddb:> drop table types cascade;
0: jdbc:luciddb:> drop schema gcrc cascade;
0: jdbc:luciddb:> 
0: jdbc:luciddb:> !quit
