AliasType
Association
AssociationEnd
Attribute
BehavioralFeature
BehavioralFeature_generalizes_Exception
BehavioralFeature_generalizes_Operation
Class
Classifier
Classifier_generalizes_Association
Classifier_generalizes_Class
Classifier_generalizes_DataType
CollectionType
Constant
Constraint
DataType
DataType_generalizes_AliasType
DataType_generalizes_CollectionType
DataType_generalizes_EnumerationType
DataType_generalizes_PrimitiveType
DataType_generalizes_StructureType
EnumerationType
Exception
Feature
Feature_generalizes_BehavioralFeature
Feature_generalizes_StructuralFeature
GeneralizableElement
GeneralizableElement_generalizes_Classifier
GeneralizableElement_generalizes_Package
Import
ModelElement
ModelElement_generalizes_Constraint
ModelElement_generalizes_Feature
ModelElement_generalizes_Import
ModelElement_generalizes_Namespace
ModelElement_generalizes_Tag
ModelElement_generalizes_TypedElement
Namespace
Namespace_generalizes_BehavioralFeature
Namespace_generalizes_GeneralizableElement
Operation
Package
Parameter
PrimitiveType
Reference
StructuralFeature
StructuralFeature_generalizes_Attribute
StructuralFeature_generalizes_Reference
StructureField
StructureType
Tag
TypedElement
TypedElement_generalizes_AliasType
TypedElement_generalizes_AssociationEnd
TypedElement_generalizes_CollectionType
TypedElement_generalizes_Constant
TypedElement_generalizes_Parameter
TypedElement_generalizes_StructuralFeature
TypedElement_generalizes_StructureField
