> create or replace schema "SS";
> set schema 'SS';
> 
> create jar test_jar library 'file:${FARRAGO_HOME}/unitsql/ddl/sqldeploymentdescriptor/sddtest.jar' options(0);
> values SS.test_routine(255);
+---------+
| EXPR$0  |
+---------+
| ff      |
+---------+
> select "name","url","deploymentState" from sys_fem.sql2003."Jar" where "name"='TEST_JAR' order by "name";
+-----------+-----------------------------------------------------------------------+------------------+
|   name    |                                  url                                  | deploymentState  |
+-----------+-----------------------------------------------------------------------+------------------+
| TEST_JAR  | file:${FARRAGO_HOME}/unitsql/ddl/sqldeploymentdescriptor/sddtest.jar  | 2                |
+-----------+-----------------------------------------------------------------------+------------------+
> drop jar test_jar options(0) CASCADE;
> select "name","url","deploymentState" from sys_fem.sql2003."Jar" where "name"='TEST_JAR' order by "name";
+-------+------+------------------+
| name  | url  | deploymentState  |
+-------+------+------------------+
+-------+------+------------------+
> values SS.test_routine(255);
Error: From line 1, column 11 to line 1, column 27: No match found for function signature TEST_ROUTINE(<NUMERIC>) (state=,code=0)
> 
> --failure cases
> create jar test_jar library 'file:${FARRAGO_HOME}/unitsql/ddl/sqldeploymentdescriptor/sddtest.jar' options(0);
> create jar test_jar library 'file:${FARRAGO_HOME}/unitsql/ddl/sqldeploymentdescriptor/sddtest.jar' options(0);
Error: DDL validation error near line 1, column 12: Target schema "LOCALDB"."SS" already contains jar "TEST_JAR" with same name (state=,code=0)
> 
> drop jar test_jar1 options(0) CASCADE;
Error: DDL validation error near line 1, column 31: Reference to unknown jar "TEST_JAR1" (state=,code=0)
> drop jar test_jar options(0) CASCADE;
> 
> drop schema "SS" cascade;
> 
> !quit
