0: jdbc:luciddb:> ------------------------------------------------------------------------------
0: jdbc:luciddb:> -----
0: jdbc:luciddb:> --  Tests for basic CAST functionality
0: jdbc:luciddb:> -----
0: jdbc:luciddb:> ------------------------------------------------------------------------------
0: jdbc:luciddb:> 
0: jdbc:luciddb:> 
0: jdbc:luciddb:> -- t1 bigint
0: jdbc:luciddb:> SELECT t1, CAST (t1 AS bigint) FROM CST.alltypes;
+---------+---------+
|   T1    | EXPR$1  |
+---------+---------+
| 124429  | 124429  |
+---------+---------+
0: jdbc:luciddb:> -- SELECT t1, CAST (t1 AS bit) FROM CST.alltypes;
0: jdbc:luciddb:> SELECT t1, CAST (t1 AS boolean) FROM CST.alltypes;
Error: Cast function cannot convert value of type BIGINT to type BOOLEAN (state=,code=0)
0: jdbc:luciddb:> SELECT t1, CAST (t1 AS char(21)) FROM CST.alltypes;
+---------+------------------------+
|   T1    |         EXPR$1         |
+---------+------------------------+
| 124429  | 124429                 |
+---------+------------------------+
0: jdbc:luciddb:> SELECT t1, CAST (t1 AS decimal) FROM CST.alltypes;
+---------+---------+
|   T1    | EXPR$1  |
+---------+---------+
| 124429  | 124429  |
+---------+---------+
0: jdbc:luciddb:> SELECT t1, CAST (t1 AS double) FROM CST.alltypes;
+---------+-----------+
|   T1    |  EXPR$1   |
+---------+-----------+
| 124429  | 124429.0  |
+---------+-----------+
0: jdbc:luciddb:> SELECT t1, CAST (t1 AS float) FROM CST.alltypes;
+---------+-----------+
|   T1    |  EXPR$1   |
+---------+-----------+
| 124429  | 124429.0  |
+---------+-----------+
0: jdbc:luciddb:> SELECT t1, CAST (t1 AS integer) FROM CST.alltypes;
+---------+---------+
|   T1    | EXPR$1  |
+---------+---------+
| 124429  | 124429  |
+---------+---------+
0: jdbc:luciddb:> -- SELECT t1, CAST (t1 AS long varbinary) FROM CST.alltypes;
0: jdbc:luciddb:> -- SELECT t1, CAST (t1 AS long varchar) FROM CST.alltypes;
0: jdbc:luciddb:> SELECT t1, CAST (t1 AS numeric(8,4)) FROM CST.alltypes;
Error: Could not calculate result column 2 for the following row:
[124429]
Messages: Overflow during calculation or cast. (state=,code=0)
0: jdbc:luciddb:> SELECT t1, CAST (t1 AS numeric(6,2)) FROM CST.alltypes;
Error: Could not calculate result column 2 for the following row:
[124429]
Messages: Overflow during calculation or cast. (state=,code=0)
0: jdbc:luciddb:> SELECT t1, CAST (t1 AS real) FROM CST.alltypes;
+---------+-----------+
|   T1    |  EXPR$1   |
+---------+-----------+
| 124429  | 124429.0  |
+---------+-----------+
0: jdbc:luciddb:> SELECT t1, CAST (t1 AS smallint) FROM CST.alltypes;
Error: Could not calculate result column 2 for the following row:
[124429]
Messages: Overflow during calculation or cast. (state=,code=0)
0: jdbc:luciddb:> SELECT t1, CAST (t1 AS tinyint) FROM CST.alltypes;
Error: Could not calculate result column 2 for the following row:
[124429]
Messages: Overflow during calculation or cast. (state=,code=0)
0: jdbc:luciddb:> SELECT t1, CAST (t1 AS varbinary(10)) FROM CST.alltypes;
Error: Cast function cannot convert value of type BIGINT to type VARBINARY(10) (state=,code=0)
0: jdbc:luciddb:> SELECT t1, CAST (t1 AS varchar(23)) FROM CST.alltypes;
+---------+---------+
|   T1    | EXPR$1  |
+---------+---------+
| 124429  | 124429  |
+---------+---------+
0: jdbc:luciddb:> 
0: jdbc:luciddb:> -- t2 boolean
0: jdbc:luciddb:> SELECT t2, CAST (t2 AS bigint) FROM CST.alltypes;
Error: Cast function cannot convert value of type BOOLEAN to type BIGINT (state=,code=0)
0: jdbc:luciddb:> -- SELECT t2, CAST (t2 AS bit) FROM CST.alltypes;
0: jdbc:luciddb:> SELECT t2, CAST (t2 AS boolean) FROM CST.alltypes;
+-------+---------+
|  T2   | EXPR$1  |
+-------+---------+
| true  | true    |
+-------+---------+
0: jdbc:luciddb:> SELECT t2, CAST (t2 AS char(21)) FROM CST.alltypes;
+-------+------------------------+
|  T2   |         EXPR$1         |
+-------+------------------------+
| true  | TRUE                   |
+-------+------------------------+
0: jdbc:luciddb:> SELECT t2, CAST (t2 AS decimal) FROM CST.alltypes;
Error: Cast function cannot convert value of type BOOLEAN to type DECIMAL (state=,code=0)
0: jdbc:luciddb:> SELECT t2, CAST (t2 AS double) FROM CST.alltypes;
Error: Cast function cannot convert value of type BOOLEAN to type DOUBLE (state=,code=0)
0: jdbc:luciddb:> SELECT t2, CAST (t2 AS float) FROM CST.alltypes;
Error: Cast function cannot convert value of type BOOLEAN to type FLOAT (state=,code=0)
0: jdbc:luciddb:> SELECT t2, CAST (t2 AS integer) FROM CST.alltypes;
Error: Cast function cannot convert value of type BOOLEAN to type INTEGER (state=,code=0)
0: jdbc:luciddb:> -- SELECT t2, CAST (t2 AS long varbinary) FROM CST.alltypes;
0: jdbc:luciddb:> -- SELECT t2, CAST (t2 AS long varchar) FROM CST.alltypes;
0: jdbc:luciddb:> SELECT t2, CAST (t2 AS numeric(8,4)) FROM CST.alltypes;
Error: Cast function cannot convert value of type BOOLEAN to type DECIMAL(8, 4) (state=,code=0)
0: jdbc:luciddb:> SELECT t2, CAST (t2 AS numeric(6,2)) FROM CST.alltypes;
Error: Cast function cannot convert value of type BOOLEAN to type DECIMAL(6, 2) (state=,code=0)
0: jdbc:luciddb:> SELECT t2, CAST (t2 AS real) FROM CST.alltypes;
Error: Cast function cannot convert value of type BOOLEAN to type REAL (state=,code=0)
0: jdbc:luciddb:> SELECT t2, CAST (t2 AS smallint) FROM CST.alltypes;
Error: Cast function cannot convert value of type BOOLEAN to type SMALLINT (state=,code=0)
0: jdbc:luciddb:> SELECT t2, CAST (t2 AS tinyint) FROM CST.alltypes;
Error: Cast function cannot convert value of type BOOLEAN to type TINYINT (state=,code=0)
0: jdbc:luciddb:> SELECT t2, CAST (t2 AS varbinary(10)) FROM CST.alltypes;
Error: Cast function cannot convert value of type BOOLEAN to type VARBINARY(10) (state=,code=0)
0: jdbc:luciddb:> SELECT t2, CAST (t2 AS varchar(23)) FROM CST.alltypes;
+-------+---------+
|  T2   | EXPR$1  |
+-------+---------+
| true  | TRUE    |
+-------+---------+
0: jdbc:luciddb:> 
0: jdbc:luciddb:> -- t3 char(21)
0: jdbc:luciddb:> SELECT t3, CAST (t3 AS bigint) FROM CST.alltypes;
Error: Could not calculate result column 2 for the following row:
[v lesu rodilas       ]
Messages: Cannot assign 'v lesu rodilas       ' to a NUMERIC value: NumberFormatException (state=,code=0)
0: jdbc:luciddb:> -- SELECT t3, CAST (t3 AS bit) FROM CST.alltypes;
0: jdbc:luciddb:> SELECT t3, CAST (t3 AS boolean) FROM CST.alltypes;
Error: Could not calculate result column 2 for the following row:
[v lesu rodilas       ]
Messages: Cannot assign 'v lesu rodilas       ' to a NUMERIC value: NumberFormatException (state=,code=0)
0: jdbc:luciddb:> SELECT t3, CAST (t3 AS char(21)) FROM CST.alltypes;
+------------------------+------------------------+
|           T3           |         EXPR$1         |
+------------------------+------------------------+
| v lesu rodilas         | v lesu rodilas         |
+------------------------+------------------------+
0: jdbc:luciddb:> SELECT t3, CAST (t3 AS decimal) FROM CST.alltypes;
Error: Could not calculate result column 2 for the following row:
[v lesu rodilas       ]
Messages: Cannot assign 'v lesu rodilas       ' to a NUMERIC value: NumberFormatException (state=,code=0)
0: jdbc:luciddb:> SELECT t3, CAST (t3 AS double) FROM CST.alltypes;
Error: Could not calculate result column 2 for the following row:
[v lesu rodilas       ]
Messages: Cannot assign 'v lesu rodilas       ' to a NUMERIC value: NumberFormatException (state=,code=0)
0: jdbc:luciddb:> SELECT t3, CAST (t3 AS float) FROM CST.alltypes;
Error: Could not calculate result column 2 for the following row:
[v lesu rodilas       ]
Messages: Cannot assign 'v lesu rodilas       ' to a NUMERIC value: NumberFormatException (state=,code=0)
0: jdbc:luciddb:> SELECT t3, CAST (t3 AS integer) FROM CST.alltypes;
Error: Could not calculate result column 2 for the following row:
[v lesu rodilas       ]
Messages: Cannot assign 'v lesu rodilas       ' to a NUMERIC value: NumberFormatException (state=,code=0)
0: jdbc:luciddb:> -- SELECT t3, CAST (t3 AS long varbinary) FROM CST.alltypes;
0: jdbc:luciddb:> -- SELECT t3, CAST (t3 AS long varchar) FROM CST.alltypes;
0: jdbc:luciddb:> SELECT t3, CAST (t3 AS numeric(8,4)) FROM CST.alltypes;
Error: Could not calculate result column 2 for the following row:
[v lesu rodilas       ]
Messages: Cannot assign 'v lesu rodilas       ' to a NUMERIC value: NumberFormatException (state=,code=0)
0: jdbc:luciddb:> SELECT t3, CAST (t3 AS numeric(6,2)) FROM CST.alltypes;
Error: Could not calculate result column 2 for the following row:
[v lesu rodilas       ]
Messages: Cannot assign 'v lesu rodilas       ' to a NUMERIC value: NumberFormatException (state=,code=0)
0: jdbc:luciddb:> SELECT t3, CAST (t3 AS real) FROM CST.alltypes;
Error: Could not calculate result column 2 for the following row:
[v lesu rodilas       ]
Messages: Cannot assign 'v lesu rodilas       ' to a NUMERIC value: NumberFormatException (state=,code=0)
0: jdbc:luciddb:> SELECT t3, CAST (t3 AS smallint) FROM CST.alltypes;
Error: Could not calculate result column 2 for the following row:
[v lesu rodilas       ]
Messages: Cannot assign 'v lesu rodilas       ' to a NUMERIC value: NumberFormatException (state=,code=0)
0: jdbc:luciddb:> SELECT t3, CAST (t3 AS tinyint) FROM CST.alltypes;
Error: Could not calculate result column 2 for the following row:
[v lesu rodilas       ]
Messages: Cannot assign 'v lesu rodilas       ' to a NUMERIC value: NumberFormatException (state=,code=0)
0: jdbc:luciddb:> SELECT t3, CAST (t3 AS varbinary(10)) FROM CST.alltypes;
Error: Cast function cannot convert value of type CHAR(21) to type VARBINARY(10) (state=,code=0)
0: jdbc:luciddb:> SELECT t3, CAST (t3 AS varchar(23)) FROM CST.alltypes;
+------------------------+------------------------+
|           T3           |         EXPR$1         |
+------------------------+------------------------+
| v lesu rodilas         | v lesu rodilas         |
+------------------------+------------------------+
0: jdbc:luciddb:> 
0: jdbc:luciddb:> -- t5 decimal
0: jdbc:luciddb:> SELECT t5, CAST (t5 AS bigint) FROM CST.alltypes;
+-----+---------+
| T5  | EXPR$1  |
+-----+---------+
| 5   | 5       |
+-----+---------+
0: jdbc:luciddb:> -- SELECT t5, CAST (t5 AS bit) FROM CST.alltypes;
0: jdbc:luciddb:> SELECT t5, CAST (t5 AS boolean) FROM CST.alltypes;
Error: Cast function cannot convert value of type DECIMAL to type BOOLEAN (state=,code=0)
0: jdbc:luciddb:> SELECT t5, CAST (t5 AS char(21)) FROM CST.alltypes;
+-----+------------------------+
| T5  |         EXPR$1         |
+-----+------------------------+
| 5   | 5                      |
+-----+------------------------+
0: jdbc:luciddb:> SELECT t5, CAST (t5 AS decimal) FROM CST.alltypes;
+-----+---------+
| T5  | EXPR$1  |
+-----+---------+
| 5   | 5       |
+-----+---------+
0: jdbc:luciddb:> SELECT t5, CAST (t5 AS double) FROM CST.alltypes;
+-----+---------+
| T5  | EXPR$1  |
+-----+---------+
| 5   | 5.0     |
+-----+---------+
0: jdbc:luciddb:> SELECT t5, CAST (t5 AS float) FROM CST.alltypes;
+-----+---------+
| T5  | EXPR$1  |
+-----+---------+
| 5   | 5.0     |
+-----+---------+
0: jdbc:luciddb:> SELECT t5, CAST (t5 AS integer) FROM CST.alltypes;
+-----+---------+
| T5  | EXPR$1  |
+-----+---------+
| 5   | 5       |
+-----+---------+
0: jdbc:luciddb:> -- SELECT t5, CAST (t5 AS long varbinary) FROM CST.alltypes;
0: jdbc:luciddb:> -- SELECT t5, CAST (t5 AS long varchar) FROM CST.alltypes;
0: jdbc:luciddb:> SELECT t5, CAST (t5 AS numeric(8,4)) FROM CST.alltypes;
+-----+---------+
| T5  | EXPR$1  |
+-----+---------+
| 5   | 5.0000  |
+-----+---------+
0: jdbc:luciddb:> SELECT t5, CAST (t5 AS numeric(6,2)) FROM CST.alltypes;
+-----+---------+
| T5  | EXPR$1  |
+-----+---------+
| 5   | 5.00    |
+-----+---------+
0: jdbc:luciddb:> SELECT t5, CAST (t5 AS real) FROM CST.alltypes;
+-----+---------+
| T5  | EXPR$1  |
+-----+---------+
| 5   | 5.0     |
+-----+---------+
0: jdbc:luciddb:> SELECT t5, CAST (t5 AS smallint) FROM CST.alltypes;
+-----+---------+
| T5  | EXPR$1  |
+-----+---------+
| 5   | 5       |
+-----+---------+
0: jdbc:luciddb:> SELECT t5, CAST (t5 AS tinyint) FROM CST.alltypes;
+-----+---------+
| T5  | EXPR$1  |
+-----+---------+
| 5   | 5       |
+-----+---------+
0: jdbc:luciddb:> SELECT t5, CAST (t5 AS varbinary(10)) FROM CST.alltypes;
Error: Cast function cannot convert value of type DECIMAL to type VARBINARY(10) (state=,code=0)
0: jdbc:luciddb:> SELECT t5, CAST (t5 AS varchar(23)) FROM CST.alltypes;
+-----+---------+
| T5  | EXPR$1  |
+-----+---------+
| 5   | 5       |
+-----+---------+
0: jdbc:luciddb:> 
0: jdbc:luciddb:> -- t6 double
0: jdbc:luciddb:> SELECT t6, CAST (t6 AS bigint) FROM CST.alltypes;
+------------+---------+
|     T6     | EXPR$1  |
+------------+---------+
| 134.23321  | 134     |
+------------+---------+
0: jdbc:luciddb:> -- SELECT t6, CAST (t6 AS bit) FROM CST.alltypes;
0: jdbc:luciddb:> SELECT t6, CAST (t6 AS boolean) FROM CST.alltypes;
Error: Cast function cannot convert value of type DOUBLE to type BOOLEAN (state=,code=0)
0: jdbc:luciddb:> SELECT t6, CAST (t6 AS char(21)) FROM CST.alltypes;
+------------+------------------------+
|     T6     |         EXPR$1         |
+------------+------------------------+
| 134.23321  | 1.3423321E2            |
+------------+------------------------+
0: jdbc:luciddb:> SELECT t6, CAST (t6 AS decimal) FROM CST.alltypes;
+------------+---------+
|     T6     | EXPR$1  |
+------------+---------+
| 134.23321  | 134     |
+------------+---------+
0: jdbc:luciddb:> SELECT t6, CAST (t6 AS double) FROM CST.alltypes;
+------------+------------+
|     T6     |   EXPR$1   |
+------------+------------+
| 134.23321  | 134.23321  |
+------------+------------+
0: jdbc:luciddb:> SELECT t6, CAST (t6 AS float) FROM CST.alltypes;
+------------+------------+
|     T6     |   EXPR$1   |
+------------+------------+
| 134.23321  | 134.23321  |
+------------+------------+
0: jdbc:luciddb:> SELECT t6, CAST (t6 AS integer) FROM CST.alltypes;
+------------+---------+
|     T6     | EXPR$1  |
+------------+---------+
| 134.23321  | 134     |
+------------+---------+
0: jdbc:luciddb:> -- SELECT t6, CAST (t6 AS long varbinary) FROM CST.alltypes;
0: jdbc:luciddb:> -- SELECT t6, CAST (t6 AS long varchar) FROM CST.alltypes;
0: jdbc:luciddb:> SELECT t6, CAST (t6 AS numeric(8,4)) FROM CST.alltypes;
+------------+-----------+
|     T6     |  EXPR$1   |
+------------+-----------+
| 134.23321  | 134.2332  |
+------------+-----------+
0: jdbc:luciddb:> SELECT t6, CAST (t6 AS numeric(6,2)) FROM CST.alltypes;
+------------+---------+
|     T6     | EXPR$1  |
+------------+---------+
| 134.23321  | 134.23  |
+------------+---------+
0: jdbc:luciddb:> SELECT t6, CAST (t6 AS real) FROM CST.alltypes;
+------------+------------+
|     T6     |   EXPR$1   |
+------------+------------+
| 134.23321  | 134.23322  |
+------------+------------+
0: jdbc:luciddb:> SELECT t6, CAST (t6 AS smallint) FROM CST.alltypes;
+------------+---------+
|     T6     | EXPR$1  |
+------------+---------+
| 134.23321  | 134     |
+------------+---------+
0: jdbc:luciddb:> SELECT t6, CAST (t6 AS tinyint) FROM CST.alltypes;
Error: Could not calculate result column 2 for the following row:
[134.23321]
Messages: Overflow during calculation or cast. (state=,code=0)
0: jdbc:luciddb:> SELECT t6, CAST (t6 AS varbinary(10)) FROM CST.alltypes;
Error: Cast function cannot convert value of type DOUBLE to type VARBINARY(10) (state=,code=0)
0: jdbc:luciddb:> SELECT t6, CAST (t6 AS varchar(23)) FROM CST.alltypes;
+------------+--------------+
|     T6     |    EXPR$1    |
+------------+--------------+
| 134.23321  | 1.3423321E2  |
+------------+--------------+
0: jdbc:luciddb:> 
0: jdbc:luciddb:> -- t7 float
0: jdbc:luciddb:> SELECT t7, CAST (t7 AS bigint) FROM CST.alltypes;
+-----------+---------+
|    T7     | EXPR$1  |
+-----------+---------+
| 223.1123  | 223     |
+-----------+---------+
0: jdbc:luciddb:> -- SELECT t7, CAST (t7 AS bit) FROM CST.alltypes;
0: jdbc:luciddb:> SELECT t7, CAST (t7 AS boolean) FROM CST.alltypes;
Error: Cast function cannot convert value of type DOUBLE to type BOOLEAN (state=,code=0)
0: jdbc:luciddb:> SELECT t7, CAST (t7 AS char(21)) FROM CST.alltypes;
+-----------+------------------------+
|    T7     |         EXPR$1         |
+-----------+------------------------+
| 223.1123  | 2.231123E2             |
+-----------+------------------------+
0: jdbc:luciddb:> SELECT t7, CAST (t7 AS decimal) FROM CST.alltypes;
+-----------+---------+
|    T7     | EXPR$1  |
+-----------+---------+
| 223.1123  | 223     |
+-----------+---------+
0: jdbc:luciddb:> SELECT t7, CAST (t7 AS double) FROM CST.alltypes;
+-----------+-----------+
|    T7     |  EXPR$1   |
+-----------+-----------+
| 223.1123  | 223.1123  |
+-----------+-----------+
0: jdbc:luciddb:> SELECT t7, CAST (t7 AS float) FROM CST.alltypes;
+-----------+-----------+
|    T7     |  EXPR$1   |
+-----------+-----------+
| 223.1123  | 223.1123  |
+-----------+-----------+
0: jdbc:luciddb:> SELECT t7, CAST (t7 AS integer) FROM CST.alltypes;
+-----------+---------+
|    T7     | EXPR$1  |
+-----------+---------+
| 223.1123  | 223     |
+-----------+---------+
0: jdbc:luciddb:> -- SELECT t7, CAST (t7 AS long varbinary) FROM CST.alltypes;
0: jdbc:luciddb:> -- SELECT t7, CAST (t7 AS long varchar) FROM CST.alltypes;
0: jdbc:luciddb:> SELECT t7, CAST (t7 AS numeric(8,4)) FROM CST.alltypes;
+-----------+-----------+
|    T7     |  EXPR$1   |
+-----------+-----------+
| 223.1123  | 223.1123  |
+-----------+-----------+
0: jdbc:luciddb:> SELECT t7, CAST (t7 AS numeric(6,2)) FROM CST.alltypes;
+-----------+---------+
|    T7     | EXPR$1  |
+-----------+---------+
| 223.1123  | 223.11  |
+-----------+---------+
0: jdbc:luciddb:> SELECT t7, CAST (t7 AS real) FROM CST.alltypes;
+-----------+-----------+
|    T7     |  EXPR$1   |
+-----------+-----------+
| 223.1123  | 223.1123  |
+-----------+-----------+
0: jdbc:luciddb:> SELECT t7, CAST (t7 AS smallint) FROM CST.alltypes;
+-----------+---------+
|    T7     | EXPR$1  |
+-----------+---------+
| 223.1123  | 223     |
+-----------+---------+
0: jdbc:luciddb:> SELECT t7, CAST (t7 AS tinyint) FROM CST.alltypes;
Error: Could not calculate result column 2 for the following row:
[223.1123]
Messages: Overflow during calculation or cast. (state=,code=0)
0: jdbc:luciddb:> SELECT t7, CAST (t7 AS varbinary(10)) FROM CST.alltypes;
Error: Cast function cannot convert value of type DOUBLE to type VARBINARY(10) (state=,code=0)
0: jdbc:luciddb:> SELECT t7, CAST (t7 AS varchar(23)) FROM CST.alltypes;
+-----------+-------------+
|    T7     |   EXPR$1    |
+-----------+-------------+
| 223.1123  | 2.231123E2  |
+-----------+-------------+
0: jdbc:luciddb:> 
0: jdbc:luciddb:> -- t8 integer
0: jdbc:luciddb:> SELECT t8, CAST (t8 AS bigint) FROM CST.alltypes;
+----------+----------+
|    T8    |  EXPR$1  |
+----------+----------+
| 1324259  | 1324259  |
+----------+----------+
0: jdbc:luciddb:> -- SELECT t8, CAST (t8 AS bit) FROM CST.alltypes;
0: jdbc:luciddb:> SELECT t8, CAST (t8 AS boolean) FROM CST.alltypes;
Error: Cast function cannot convert value of type INTEGER to type BOOLEAN (state=,code=0)
0: jdbc:luciddb:> SELECT t8, CAST (t8 AS char(21)) FROM CST.alltypes;
+----------+------------------------+
|    T8    |         EXPR$1         |
+----------+------------------------+
| 1324259  | 1324259                |
+----------+------------------------+
0: jdbc:luciddb:> SELECT t8, CAST (t8 AS decimal) FROM CST.alltypes;
+----------+----------+
|    T8    |  EXPR$1  |
+----------+----------+
| 1324259  | 1324259  |
+----------+----------+
0: jdbc:luciddb:> SELECT t8, CAST (t8 AS double) FROM CST.alltypes;
+----------+------------+
|    T8    |   EXPR$1   |
+----------+------------+
| 1324259  | 1324259.0  |
+----------+------------+
0: jdbc:luciddb:> SELECT t8, CAST (t8 AS float) FROM CST.alltypes;
+----------+------------+
|    T8    |   EXPR$1   |
+----------+------------+
| 1324259  | 1324259.0  |
+----------+------------+
0: jdbc:luciddb:> SELECT t8, CAST (t8 AS integer) FROM CST.alltypes;
+----------+----------+
|    T8    |  EXPR$1  |
+----------+----------+
| 1324259  | 1324259  |
+----------+----------+
0: jdbc:luciddb:> -- SELECT t8, CAST (t8 AS long varbinary) FROM CST.alltypes;
0: jdbc:luciddb:> -- SELECT t8, CAST (t8 AS long varchar) FROM CST.alltypes;
0: jdbc:luciddb:> SELECT t8, CAST (t8 AS numeric(8,4)) FROM CST.alltypes;
Error: Could not calculate result column 2 for the following row:
[1324259]
Messages: Overflow during calculation or cast. (state=,code=0)
0: jdbc:luciddb:> SELECT t8, CAST (t8 AS numeric(6,2)) FROM CST.alltypes;
Error: Could not calculate result column 2 for the following row:
[1324259]
Messages: Overflow during calculation or cast. (state=,code=0)
0: jdbc:luciddb:> SELECT t8, CAST (t8 AS real) FROM CST.alltypes;
+----------+------------+
|    T8    |   EXPR$1   |
+----------+------------+
| 1324259  | 1324259.0  |
+----------+------------+
0: jdbc:luciddb:> SELECT t8, CAST (t8 AS smallint) FROM CST.alltypes;
Error: Could not calculate result column 2 for the following row:
[1324259]
Messages: Overflow during calculation or cast. (state=,code=0)
0: jdbc:luciddb:> SELECT t8, CAST (t8 AS tinyint) FROM CST.alltypes;
Error: Could not calculate result column 2 for the following row:
[1324259]
Messages: Overflow during calculation or cast. (state=,code=0)
0: jdbc:luciddb:> SELECT t8, CAST (t8 AS varbinary(10)) FROM CST.alltypes;
Error: Cast function cannot convert value of type INTEGER to type VARBINARY(10) (state=,code=0)
0: jdbc:luciddb:> SELECT t8, CAST (t8 AS varchar(23)) FROM CST.alltypes;
+----------+----------+
|    T8    |  EXPR$1  |
+----------+----------+
| 1324259  | 1324259  |
+----------+----------+
0: jdbc:luciddb:> 
0: jdbc:luciddb:> -- t9 long varbinary
0: jdbc:luciddb:> -- SELECT t9, CAST (t9 AS bigint) FROM CST.alltypes;
0: jdbc:luciddb:> -- SELECT t9, CAST (t9 AS bit) FROM CST.alltypes;
0: jdbc:luciddb:> -- SELECT t9, CAST (t9 AS boolean) FROM CST.alltypes;
0: jdbc:luciddb:> -- SELECT t9, CAST (t9 AS char(21)) FROM CST.alltypes;
0: jdbc:luciddb:> -- SELECT t9, CAST (t9 AS decimal) FROM CST.alltypes;
0: jdbc:luciddb:> -- SELECT t9, CAST (t9 AS double) FROM CST.alltypes;
0: jdbc:luciddb:> -- SELECT t9, CAST (t9 AS float) FROM CST.alltypes;
0: jdbc:luciddb:> -- SELECT t9, CAST (t9 AS integer) FROM CST.alltypes;
0: jdbc:luciddb:> -- SELECT t9, CAST (t9 AS long varbinary) FROM CST.alltypes;
0: jdbc:luciddb:> -- SELECT t9, CAST (t9 AS long varchar) FROM CST.alltypes;
0: jdbc:luciddb:> -- SELECT t9, CAST (t9 AS numeric(8,4)) FROM CST.alltypes;
0: jdbc:luciddb:> -- SELECT t9, CAST (t9 AS numeric(6,2)) FROM CST.alltypes;
0: jdbc:luciddb:> -- SELECT t9, CAST (t9 AS real) FROM CST.alltypes;
0: jdbc:luciddb:> -- SELECT t9, CAST (t9 AS smallint) FROM CST.alltypes;
0: jdbc:luciddb:> -- SELECT t9, CAST (t9 AS tinyint) FROM CST.alltypes;
0: jdbc:luciddb:> -- SELECT t9, CAST (t9 AS varbinary(10)) FROM CST.alltypes;
0: jdbc:luciddb:> -- SELECT t9, CAST (t9 AS varchar(23)) FROM CST.alltypes;
0: jdbc:luciddb:> 
0: jdbc:luciddb:> -- t10 long varchar
0: jdbc:luciddb:> -- SELECT t10, CAST (t10 AS bigint) FROM CST.alltypes;
0: jdbc:luciddb:> -- SELECT t10, CAST (t10 AS bit) FROM CST.alltypes;
0: jdbc:luciddb:> -- SELECT t10, CAST (t10 AS boolean) FROM CST.alltypes;
0: jdbc:luciddb:> -- SELECT t10, CAST (t10 AS char(21)) FROM CST.alltypes;
0: jdbc:luciddb:> -- SELECT t10, CAST (t10 AS decimal) FROM CST.alltypes;
0: jdbc:luciddb:> -- SELECT t10, CAST (t10 AS double) FROM CST.alltypes;
0: jdbc:luciddb:> -- SELECT t10, CAST (t10 AS float) FROM CST.alltypes;
0: jdbc:luciddb:> -- SELECT t10, CAST (t10 AS integer) FROM CST.alltypes;
0: jdbc:luciddb:> -- SELECT t10, CAST (t10 AS long varbinary) FROM CST.alltypes;
0: jdbc:luciddb:> -- SELECT t10, CAST (t10 AS long varchar) FROM CST.alltypes;
0: jdbc:luciddb:> -- SELECT t10, CAST (t10 AS numeric(8,4)) FROM CST.alltypes;
0: jdbc:luciddb:> -- SELECT t10, CAST (t10 AS numeric(6,2)) FROM CST.alltypes;
0: jdbc:luciddb:> -- SELECT t10, CAST (t10 AS real) FROM CST.alltypes;
0: jdbc:luciddb:> -- SELECT t10, CAST (t10 AS smallint) FROM CST.alltypes;
0: jdbc:luciddb:> -- SELECT t10, CAST (t10 AS tinyint) FROM CST.alltypes;
0: jdbc:luciddb:> -- SELECT t10, CAST (t10 AS varbinary(10)) FROM CST.alltypes;
0: jdbc:luciddb:> -- SELECT t10, CAST (t10 AS varchar(23)) FROM CST.alltypes;
0: jdbc:luciddb:> 
0: jdbc:luciddb:> -- t11_1 numeric(8,4)
0: jdbc:luciddb:> SELECT t11_1, CAST (t11_1 AS bigint) FROM CST.alltypes;
+----------+---------+
|  T11_1   | EXPR$1  |
+----------+---------+
| 12.3000  | 12      |
+----------+---------+
0: jdbc:luciddb:> -- SELECT t11_1, CAST (t11_1 AS bit) FROM CST.alltypes;
0: jdbc:luciddb:> SELECT t11_1, CAST (t11_1 AS boolean) FROM CST.alltypes;
Error: Cast function cannot convert value of type DECIMAL(8, 4) to type BOOLEAN (state=,code=0)
0: jdbc:luciddb:> SELECT t11_1, CAST (t11_1 AS char(21)) FROM CST.alltypes;
+----------+------------------------+
|  T11_1   |         EXPR$1         |
+----------+------------------------+
| 12.3000  | 12.3000                |
+----------+------------------------+
0: jdbc:luciddb:> SELECT t11_1, CAST (t11_1 AS decimal) FROM CST.alltypes;
+----------+---------+
|  T11_1   | EXPR$1  |
+----------+---------+
| 12.3000  | 12      |
+----------+---------+
0: jdbc:luciddb:> SELECT t11_1, CAST (t11_1 AS double) FROM CST.alltypes;
+----------+---------+
|  T11_1   | EXPR$1  |
+----------+---------+
| 12.3000  | 12.3    |
+----------+---------+
0: jdbc:luciddb:> SELECT t11_1, CAST (t11_1 AS float) FROM CST.alltypes;
+----------+---------+
|  T11_1   | EXPR$1  |
+----------+---------+
| 12.3000  | 12.3    |
+----------+---------+
0: jdbc:luciddb:> SELECT t11_1, CAST (t11_1 AS integer) FROM CST.alltypes;
+----------+---------+
|  T11_1   | EXPR$1  |
+----------+---------+
| 12.3000  | 12      |
+----------+---------+
0: jdbc:luciddb:> -- SELECT t11_1, CAST (t11_1 AS long varbinary) FROM CST.alltypes;
0: jdbc:luciddb:> -- SELECT t11_1, CAST (t11_1 AS long varchar) FROM CST.alltypes;
0: jdbc:luciddb:> SELECT t11_1, CAST (t11_1 AS numeric(8,4)) FROM CST.alltypes;
+----------+----------+
|  T11_1   |  EXPR$1  |
+----------+----------+
| 12.3000  | 12.3000  |
+----------+----------+
0: jdbc:luciddb:> SELECT t11_1, CAST (t11_1 AS numeric(6,2)) FROM CST.alltypes;
+----------+---------+
|  T11_1   | EXPR$1  |
+----------+---------+
| 12.3000  | 12.30   |
+----------+---------+
0: jdbc:luciddb:> SELECT t11_1, CAST (t11_1 AS real) FROM CST.alltypes;
+----------+---------+
|  T11_1   | EXPR$1  |
+----------+---------+
| 12.3000  | 12.3    |
+----------+---------+
0: jdbc:luciddb:> SELECT t11_1, CAST (t11_1 AS smallint) FROM CST.alltypes;
+----------+---------+
|  T11_1   | EXPR$1  |
+----------+---------+
| 12.3000  | 12      |
+----------+---------+
0: jdbc:luciddb:> SELECT t11_1, CAST (t11_1 AS tinyint) FROM CST.alltypes;
+----------+---------+
|  T11_1   | EXPR$1  |
+----------+---------+
| 12.3000  | 12      |
+----------+---------+
0: jdbc:luciddb:> SELECT t11_1, CAST (t11_1 AS varbinary(10)) FROM CST.alltypes;
Error: Cast function cannot convert value of type DECIMAL(8, 4) to type VARBINARY(10) (state=,code=0)
0: jdbc:luciddb:> SELECT t11_1, CAST (t11_1 AS varchar(23)) FROM CST.alltypes;
+----------+----------+
|  T11_1   |  EXPR$1  |
+----------+----------+
| 12.3000  | 12.3000  |
+----------+----------+
0: jdbc:luciddb:> 
0: jdbc:luciddb:> -- t11_2 numeric(6,2)
0: jdbc:luciddb:> SELECT t11_2, CAST (t11_2 AS bigint) FROM CST.alltypes;
+--------+---------+
| T11_2  | EXPR$1  |
+--------+---------+
| 45.30  | 45      |
+--------+---------+
0: jdbc:luciddb:> -- SELECT t11_2, CAST (t11_2 AS bit) FROM CST.alltypes;
0: jdbc:luciddb:> SELECT t11_2, CAST (t11_2 AS boolean) FROM CST.alltypes;
Error: Cast function cannot convert value of type DECIMAL(6, 2) to type BOOLEAN (state=,code=0)
0: jdbc:luciddb:> SELECT t11_2, CAST (t11_2 AS char(21)) FROM CST.alltypes;
+--------+------------------------+
| T11_2  |         EXPR$1         |
+--------+------------------------+
| 45.30  | 45.30                  |
+--------+------------------------+
0: jdbc:luciddb:> SELECT t11_2, CAST (t11_2 AS decimal) FROM CST.alltypes;
+--------+---------+
| T11_2  | EXPR$1  |
+--------+---------+
| 45.30  | 45      |
+--------+---------+
0: jdbc:luciddb:> -- set numberFormat since floating point differs based on VM
0: jdbc:luciddb:> !set numberFormat 0.0000
0: jdbc:luciddb:> SELECT t11_2, CAST (t11_2 AS double) FROM CST.alltypes;
+----------+----------+
|  T11_2   |  EXPR$1  |
+----------+----------+
| 45.3000  | 45.3000  |
+----------+----------+
0: jdbc:luciddb:> SELECT t11_2, CAST (t11_2 AS float) FROM CST.alltypes;
+----------+----------+
|  T11_2   |  EXPR$1  |
+----------+----------+
| 45.3000  | 45.3000  |
+----------+----------+
0: jdbc:luciddb:> !set numberFormat default
0: jdbc:luciddb:> SELECT t11_2, CAST (t11_2 AS integer) FROM CST.alltypes;
+--------+---------+
| T11_2  | EXPR$1  |
+--------+---------+
| 45.30  | 45      |
+--------+---------+
0: jdbc:luciddb:> -- SELECT t11_2, CAST (t11_2 AS long varbinary) FROM CST.alltypes;
0: jdbc:luciddb:> -- SELECT t11_2, CAST (t11_2 AS long varchar) FROM CST.alltypes;
0: jdbc:luciddb:> SELECT t11_2, CAST (t11_2 AS numeric(8,4)) FROM CST.alltypes;
+--------+----------+
| T11_2  |  EXPR$1  |
+--------+----------+
| 45.30  | 45.3000  |
+--------+----------+
0: jdbc:luciddb:> SELECT t11_2, CAST (t11_2 AS numeric(6,2)) FROM CST.alltypes;
+--------+---------+
| T11_2  | EXPR$1  |
+--------+---------+
| 45.30  | 45.30   |
+--------+---------+
0: jdbc:luciddb:> SELECT t11_2, CAST (t11_2 AS real) FROM CST.alltypes;
+--------+---------+
| T11_2  | EXPR$1  |
+--------+---------+
| 45.30  | 45.3    |
+--------+---------+
0: jdbc:luciddb:> SELECT t11_2, CAST (t11_2 AS smallint) FROM CST.alltypes;
+--------+---------+
| T11_2  | EXPR$1  |
+--------+---------+
| 45.30  | 45      |
+--------+---------+
0: jdbc:luciddb:> SELECT t11_2, CAST (t11_2 AS tinyint) FROM CST.alltypes;
+--------+---------+
| T11_2  | EXPR$1  |
+--------+---------+
| 45.30  | 45      |
+--------+---------+
0: jdbc:luciddb:> SELECT t11_2, CAST (t11_2 AS varbinary(10)) FROM CST.alltypes;
Error: Cast function cannot convert value of type DECIMAL(6, 2) to type VARBINARY(10) (state=,code=0)
0: jdbc:luciddb:> SELECT t11_2, CAST (t11_2 AS varchar(23)) FROM CST.alltypes;
+--------+---------+
| T11_2  | EXPR$1  |
+--------+---------+
| 45.30  | 45.30   |
+--------+---------+
0: jdbc:luciddb:> 
0: jdbc:luciddb:> -- t12 real
0: jdbc:luciddb:> SELECT t12, CAST (t12 AS bigint) FROM CST.alltypes;
+------------+---------+
|    T12     | EXPR$1  |
+------------+---------+
| 1232.4581  | 1232    |
+------------+---------+
0: jdbc:luciddb:> -- SELECT t12, CAST (t12 AS bit) FROM CST.alltypes;
0: jdbc:luciddb:> SELECT t12, CAST (t12 AS boolean) FROM CST.alltypes;
Error: Cast function cannot convert value of type REAL to type BOOLEAN (state=,code=0)
0: jdbc:luciddb:> SELECT t12, CAST (t12 AS char(21)) FROM CST.alltypes;
+------------+------------------------+
|    T12     |         EXPR$1         |
+------------+------------------------+
| 1232.4581  | 1.232458E3             |
+------------+------------------------+
0: jdbc:luciddb:> SELECT t12, CAST (t12 AS decimal) FROM CST.alltypes;
+------------+---------+
|    T12     | EXPR$1  |
+------------+---------+
| 1232.4581  | 1232    |
+------------+---------+
0: jdbc:luciddb:> SELECT t12, CAST (t12 AS double) FROM CST.alltypes;
+------------+---------------------+
|    T12     |       EXPR$1        |
+------------+---------------------+
| 1232.4581  | 1232.4581298828125  |
+------------+---------------------+
0: jdbc:luciddb:> SELECT t12, CAST (t12 AS float) FROM CST.alltypes;
+------------+---------------------+
|    T12     |       EXPR$1        |
+------------+---------------------+
| 1232.4581  | 1232.4581298828125  |
+------------+---------------------+
0: jdbc:luciddb:> SELECT t12, CAST (t12 AS integer) FROM CST.alltypes;
+------------+---------+
|    T12     | EXPR$1  |
+------------+---------+
| 1232.4581  | 1232    |
+------------+---------+
0: jdbc:luciddb:> -- SELECT t12, CAST (t12 AS long varbinary) FROM CST.alltypes;
0: jdbc:luciddb:> -- SELECT t12, CAST (t12 AS long varchar) FROM CST.alltypes;
0: jdbc:luciddb:> SELECT t12, CAST (t12 AS numeric(8,4)) FROM CST.alltypes;
+------------+------------+
|    T12     |   EXPR$1   |
+------------+------------+
| 1232.4581  | 1232.4581  |
+------------+------------+
0: jdbc:luciddb:> SELECT t12, CAST (t12 AS numeric(6,2)) FROM CST.alltypes;
+------------+----------+
|    T12     |  EXPR$1  |
+------------+----------+
| 1232.4581  | 1232.46  |
+------------+----------+
0: jdbc:luciddb:> SELECT t12, CAST (t12 AS real) FROM CST.alltypes;
+------------+------------+
|    T12     |   EXPR$1   |
+------------+------------+
| 1232.4581  | 1232.4581  |
+------------+------------+
0: jdbc:luciddb:> SELECT t12, CAST (t12 AS smallint) FROM CST.alltypes;
+------------+---------+
|    T12     | EXPR$1  |
+------------+---------+
| 1232.4581  | 1232    |
+------------+---------+
0: jdbc:luciddb:> SELECT t12, CAST (t12 AS tinyint) FROM CST.alltypes;
Error: Could not calculate result column 2 for the following row:
[1232.4581]
Messages: Overflow during calculation or cast. (state=,code=0)
0: jdbc:luciddb:> SELECT t12, CAST (t12 AS varbinary(10)) FROM CST.alltypes;
Error: Cast function cannot convert value of type REAL to type VARBINARY(10) (state=,code=0)
0: jdbc:luciddb:> SELECT t12, CAST (t12 AS varchar(23)) FROM CST.alltypes;
+------------+-------------+
|    T12     |   EXPR$1    |
+------------+-------------+
| 1232.4581  | 1.232458E3  |
+------------+-------------+
0: jdbc:luciddb:> 
0: jdbc:luciddb:> -- t13 smallint
0: jdbc:luciddb:> SELECT t13, CAST (t13 AS bigint) FROM CST.alltypes;
+------+---------+
| T13  | EXPR$1  |
+------+---------+
| 69   | 69      |
+------+---------+
0: jdbc:luciddb:> -- SELECT t13, CAST (t13 AS bit) FROM CST.alltypes;
0: jdbc:luciddb:> SELECT t13, CAST (t13 AS boolean) FROM CST.alltypes;
Error: Cast function cannot convert value of type SMALLINT to type BOOLEAN (state=,code=0)
0: jdbc:luciddb:> SELECT t13, CAST (t13 AS char(21)) FROM CST.alltypes;
+------+------------------------+
| T13  |         EXPR$1         |
+------+------------------------+
| 69   | 69                     |
+------+------------------------+
0: jdbc:luciddb:> SELECT t13, CAST (t13 AS decimal) FROM CST.alltypes;
+------+---------+
| T13  | EXPR$1  |
+------+---------+
| 69   | 69      |
+------+---------+
0: jdbc:luciddb:> SELECT t13, CAST (t13 AS double) FROM CST.alltypes;
+------+---------+
| T13  | EXPR$1  |
+------+---------+
| 69   | 69.0    |
+------+---------+
0: jdbc:luciddb:> SELECT t13, CAST (t13 AS float) FROM CST.alltypes;
+------+---------+
| T13  | EXPR$1  |
+------+---------+
| 69   | 69.0    |
+------+---------+
0: jdbc:luciddb:> SELECT t13, CAST (t13 AS integer) FROM CST.alltypes;
+------+---------+
| T13  | EXPR$1  |
+------+---------+
| 69   | 69      |
+------+---------+
0: jdbc:luciddb:> -- SELECT t13, CAST (t13 AS long varbinary) FROM CST.alltypes;
0: jdbc:luciddb:> -- SELECT t13, CAST (t13 AS long varchar) FROM CST.alltypes;
0: jdbc:luciddb:> SELECT t13, CAST (t13 AS numeric(8,4)) FROM CST.alltypes;
+------+----------+
| T13  |  EXPR$1  |
+------+----------+
| 69   | 69.0000  |
+------+----------+
0: jdbc:luciddb:> SELECT t13, CAST (t13 AS numeric(6,2)) FROM CST.alltypes;
+------+---------+
| T13  | EXPR$1  |
+------+---------+
| 69   | 69.00   |
+------+---------+
0: jdbc:luciddb:> SELECT t13, CAST (t13 AS real) FROM CST.alltypes;
+------+---------+
| T13  | EXPR$1  |
+------+---------+
| 69   | 69.0    |
+------+---------+
0: jdbc:luciddb:> SELECT t13, CAST (t13 AS smallint) FROM CST.alltypes;
+------+---------+
| T13  | EXPR$1  |
+------+---------+
| 69   | 69      |
+------+---------+
0: jdbc:luciddb:> SELECT t13, CAST (t13 AS tinyint) FROM CST.alltypes;
+------+---------+
| T13  | EXPR$1  |
+------+---------+
| 69   | 69      |
+------+---------+
0: jdbc:luciddb:> SELECT t13, CAST (t13 AS varbinary(10)) FROM CST.alltypes;
Error: Cast function cannot convert value of type SMALLINT to type VARBINARY(10) (state=,code=0)
0: jdbc:luciddb:> SELECT t13, CAST (t13 AS varchar(23)) FROM CST.alltypes;
+------+---------+
| T13  | EXPR$1  |
+------+---------+
| 69   | 69      |
+------+---------+
0: jdbc:luciddb:> 
0: jdbc:luciddb:> -- t16 tinyint
0: jdbc:luciddb:> SELECT t16, CAST (t16 AS bigint) FROM CST.alltypes;
+------+---------+
| T16  | EXPR$1  |
+------+---------+
| 15   | 15      |
+------+---------+
0: jdbc:luciddb:> -- SELECT t16, CAST (t16 AS bit) FROM CST.alltypes;
0: jdbc:luciddb:> SELECT t16, CAST (t16 AS boolean) FROM CST.alltypes;
Error: Cast function cannot convert value of type TINYINT to type BOOLEAN (state=,code=0)
0: jdbc:luciddb:> SELECT t16, CAST (t16 AS char(21)) FROM CST.alltypes;
+------+------------------------+
| T16  |         EXPR$1         |
+------+------------------------+
| 15   | 15                     |
+------+------------------------+
0: jdbc:luciddb:> SELECT t16, CAST (t16 AS decimal) FROM CST.alltypes;
+------+---------+
| T16  | EXPR$1  |
+------+---------+
| 15   | 15      |
+------+---------+
0: jdbc:luciddb:> SELECT t16, CAST (t16 AS double) FROM CST.alltypes;
+------+---------+
| T16  | EXPR$1  |
+------+---------+
| 15   | 15.0    |
+------+---------+
0: jdbc:luciddb:> SELECT t16, CAST (t16 AS float) FROM CST.alltypes;
+------+---------+
| T16  | EXPR$1  |
+------+---------+
| 15   | 15.0    |
+------+---------+
0: jdbc:luciddb:> SELECT t16, CAST (t16 AS integer) FROM CST.alltypes;
+------+---------+
| T16  | EXPR$1  |
+------+---------+
| 15   | 15      |
+------+---------+
0: jdbc:luciddb:> -- SELECT t16, CAST (t16 AS long varbinary) FROM CST.alltypes;
0: jdbc:luciddb:> -- SELECT t16, CAST (t16 AS long varchar) FROM CST.alltypes;
0: jdbc:luciddb:> SELECT t16, CAST (t16 AS numeric(8,4)) FROM CST.alltypes;
+------+----------+
| T16  |  EXPR$1  |
+------+----------+
| 15   | 15.0000  |
+------+----------+
0: jdbc:luciddb:> SELECT t16, CAST (t16 AS numeric(6,2)) FROM CST.alltypes;
+------+---------+
| T16  | EXPR$1  |
+------+---------+
| 15   | 15.00   |
+------+---------+
0: jdbc:luciddb:> SELECT t16, CAST (t16 AS real) FROM CST.alltypes;
+------+---------+
| T16  | EXPR$1  |
+------+---------+
| 15   | 15.0    |
+------+---------+
0: jdbc:luciddb:> SELECT t16, CAST (t16 AS smallint) FROM CST.alltypes;
+------+---------+
| T16  | EXPR$1  |
+------+---------+
| 15   | 15      |
+------+---------+
0: jdbc:luciddb:> SELECT t16, CAST (t16 AS tinyint) FROM CST.alltypes;
+------+---------+
| T16  | EXPR$1  |
+------+---------+
| 15   | 15      |
+------+---------+
0: jdbc:luciddb:> SELECT t16, CAST (t16 AS varbinary(10)) FROM CST.alltypes;
Error: Cast function cannot convert value of type TINYINT to type VARBINARY(10) (state=,code=0)
0: jdbc:luciddb:> SELECT t16, CAST (t16 AS varchar(23)) FROM CST.alltypes;
+------+---------+
| T16  | EXPR$1  |
+------+---------+
| 15   | 15      |
+------+---------+
0: jdbc:luciddb:> 
0: jdbc:luciddb:> -- t17 varbinary(10)
0: jdbc:luciddb:> SELECT t17, CAST (t17 AS bigint) FROM CST.alltypes;
Error: Cast function cannot convert value of type VARBINARY(10) to type BIGINT (state=,code=0)
0: jdbc:luciddb:> -- SELECT t17, CAST (t17 AS bit) FROM CST.alltypes;
0: jdbc:luciddb:> SELECT t17, CAST (t17 AS boolean) FROM CST.alltypes;
Error: Cast function cannot convert value of type VARBINARY(10) to type BOOLEAN (state=,code=0)
0: jdbc:luciddb:> SELECT t17, CAST (t17 AS char(21)) FROM CST.alltypes;
Error: Cast function cannot convert value of type VARBINARY(10) to type CHAR(21) (state=,code=0)
0: jdbc:luciddb:> SELECT t17, CAST (t17 AS decimal) FROM CST.alltypes;
Error: Cast function cannot convert value of type VARBINARY(10) to type DECIMAL (state=,code=0)
0: jdbc:luciddb:> SELECT t17, CAST (t17 AS double) FROM CST.alltypes;
Error: Cast function cannot convert value of type VARBINARY(10) to type DOUBLE (state=,code=0)
0: jdbc:luciddb:> SELECT t17, CAST (t17 AS float) FROM CST.alltypes;
Error: Cast function cannot convert value of type VARBINARY(10) to type FLOAT (state=,code=0)
0: jdbc:luciddb:> SELECT t17, CAST (t17 AS integer) FROM CST.alltypes;
Error: Cast function cannot convert value of type VARBINARY(10) to type INTEGER (state=,code=0)
0: jdbc:luciddb:> -- SELECT t17, CAST (t17 AS long varbinary) FROM CST.alltypes;
0: jdbc:luciddb:> -- SELECT t17, CAST (t17 AS long varchar) FROM CST.alltypes;
0: jdbc:luciddb:> SELECT t17, CAST (t17 AS numeric(8,4)) FROM CST.alltypes;
Error: Cast function cannot convert value of type VARBINARY(10) to type DECIMAL(8, 4) (state=,code=0)
0: jdbc:luciddb:> SELECT t17, CAST (t17 AS numeric(6,2)) FROM CST.alltypes;
Error: Cast function cannot convert value of type VARBINARY(10) to type DECIMAL(6, 2) (state=,code=0)
0: jdbc:luciddb:> SELECT t17, CAST (t17 AS real) FROM CST.alltypes;
Error: Cast function cannot convert value of type VARBINARY(10) to type REAL (state=,code=0)
0: jdbc:luciddb:> SELECT t17, CAST (t17 AS smallint) FROM CST.alltypes;
Error: Cast function cannot convert value of type VARBINARY(10) to type SMALLINT (state=,code=0)
0: jdbc:luciddb:> SELECT t17, CAST (t17 AS tinyint) FROM CST.alltypes;
Error: Cast function cannot convert value of type VARBINARY(10) to type TINYINT (state=,code=0)
0: jdbc:luciddb:> SELECT t17, CAST (t17 AS varbinary(10)) FROM CST.alltypes;
+-------------+-------------+
|     T17     |   EXPR$1    |
+-------------+-------------+
| 1101001010  | 1101001010  |
+-------------+-------------+
0: jdbc:luciddb:> SELECT t17, CAST (t17 AS varchar(23)) FROM CST.alltypes;
Error: Cast function cannot convert value of type VARBINARY(10) to type VARCHAR(23) (state=,code=0)
0: jdbc:luciddb:> 
0: jdbc:luciddb:> -- t18 varchar(23)
0: jdbc:luciddb:> SELECT t18, CAST (t18 AS bigint) FROM CST.alltypes;
Error: Could not calculate result column 2 for the following row:
[zimoy i letom stroynaya]
Messages: Cannot assign 'zimoy i letom stroynaya' to a NUMERIC value: NumberFormatException (state=,code=0)
0: jdbc:luciddb:> -- SELECT t18, CAST (t18 AS bit) FROM CST.alltypes;
0: jdbc:luciddb:> SELECT t18, CAST (t18 AS boolean) FROM CST.alltypes;
Error: Could not calculate result column 2 for the following row:
[zimoy i letom stroynaya]
Messages: Cannot assign 'zimoy i letom stroynaya' to a NUMERIC value: NumberFormatException (state=,code=0)
0: jdbc:luciddb:> SELECT t18, CAST (t18 AS char(21)) FROM CST.alltypes;
+--------------------------+------------------------+
|           T18            |         EXPR$1         |
+--------------------------+------------------------+
| zimoy i letom stroynaya  | zimoy i letom stroyna  |
+--------------------------+------------------------+
0: jdbc:luciddb:> SELECT t18, CAST (t18 AS decimal) FROM CST.alltypes;
Error: Could not calculate result column 2 for the following row:
[zimoy i letom stroynaya]
Messages: Cannot assign 'zimoy i letom stroynaya' to a NUMERIC value: NumberFormatException (state=,code=0)
0: jdbc:luciddb:> SELECT t18, CAST (t18 AS double) FROM CST.alltypes;
Error: Could not calculate result column 2 for the following row:
[zimoy i letom stroynaya]
Messages: Cannot assign 'zimoy i letom stroynaya' to a NUMERIC value: NumberFormatException (state=,code=0)
0: jdbc:luciddb:> SELECT t18, CAST (t18 AS float) FROM CST.alltypes;
Error: Could not calculate result column 2 for the following row:
[zimoy i letom stroynaya]
Messages: Cannot assign 'zimoy i letom stroynaya' to a NUMERIC value: NumberFormatException (state=,code=0)
0: jdbc:luciddb:> SELECT t18, CAST (t18 AS integer) FROM CST.alltypes;
Error: Could not calculate result column 2 for the following row:
[zimoy i letom stroynaya]
Messages: Cannot assign 'zimoy i letom stroynaya' to a NUMERIC value: NumberFormatException (state=,code=0)
0: jdbc:luciddb:> -- SELECT t18, CAST (t18 AS long varbinary) FROM CST.alltypes;
0: jdbc:luciddb:> -- SELECT t18, CAST (t18 AS long varchar) FROM CST.alltypes;
0: jdbc:luciddb:> SELECT t18, CAST (t18 AS numeric(8,4)) FROM CST.alltypes;
Error: Could not calculate result column 2 for the following row:
[zimoy i letom stroynaya]
Messages: Cannot assign 'zimoy i letom stroynaya' to a NUMERIC value: NumberFormatException (state=,code=0)
0: jdbc:luciddb:> SELECT t18, CAST (t18 AS numeric(6,2)) FROM CST.alltypes;
Error: Could not calculate result column 2 for the following row:
[zimoy i letom stroynaya]
Messages: Cannot assign 'zimoy i letom stroynaya' to a NUMERIC value: NumberFormatException (state=,code=0)
0: jdbc:luciddb:> SELECT t18, CAST (t18 AS real) FROM CST.alltypes;
Error: Could not calculate result column 2 for the following row:
[zimoy i letom stroynaya]
Messages: Cannot assign 'zimoy i letom stroynaya' to a NUMERIC value: NumberFormatException (state=,code=0)
0: jdbc:luciddb:> SELECT t18, CAST (t18 AS smallint) FROM CST.alltypes;
Error: Could not calculate result column 2 for the following row:
[zimoy i letom stroynaya]
Messages: Cannot assign 'zimoy i letom stroynaya' to a NUMERIC value: NumberFormatException (state=,code=0)
0: jdbc:luciddb:> SELECT t18, CAST (t18 AS tinyint) FROM CST.alltypes;
Error: Could not calculate result column 2 for the following row:
[zimoy i letom stroynaya]
Messages: Cannot assign 'zimoy i letom stroynaya' to a NUMERIC value: NumberFormatException (state=,code=0)
0: jdbc:luciddb:> SELECT t18, CAST (t18 AS varbinary(10)) FROM CST.alltypes;
Error: Cast function cannot convert value of type VARCHAR(23) to type VARBINARY(10) (state=,code=0)
0: jdbc:luciddb:> SELECT t18, CAST (t18 AS varchar(23)) FROM CST.alltypes;
+--------------------------+--------------------------+
|           T18            |          EXPR$1          |
+--------------------------+--------------------------+
| zimoy i letom stroynaya  | zimoy i letom stroynaya  |
+--------------------------+--------------------------+
0: jdbc:luciddb:> 
0: jdbc:luciddb:> 
0: jdbc:luciddb:> !quit
